Archive member included to satisfy reference by file (symbol)

c:/program files (x86)/atmel/studio/7.0/toolchain/avr8/avr8-gnu-toolchain/bin/../lib/gcc/avr/5.4.0/../../../../avr/lib/avr5\libm.a(addsf3.o)
                              HAL/GPS/GPS_program.o (__subsf3)
c:/program files (x86)/atmel/studio/7.0/toolchain/avr8/avr8-gnu-toolchain/bin/../lib/gcc/avr/5.4.0/../../../../avr/lib/avr5\libm.a(addsf3x.o)
                              c:/program files (x86)/atmel/studio/7.0/toolchain/avr8/avr8-gnu-toolchain/bin/../lib/gcc/avr/5.4.0/../../../../avr/lib/avr5\libm.a(addsf3.o) (__addsf3x)
c:/program files (x86)/atmel/studio/7.0/toolchain/avr8/avr8-gnu-toolchain/bin/../lib/gcc/avr/5.4.0/../../../../avr/lib/avr5\libm.a(divsf3.o)
                              HAL/GPS/GPS_program.o (__divsf3)
c:/program files (x86)/atmel/studio/7.0/toolchain/avr8/avr8-gnu-toolchain/bin/../lib/gcc/avr/5.4.0/../../../../avr/lib/avr5\libm.a(divsf3x.o)
                              c:/program files (x86)/atmel/studio/7.0/toolchain/avr8/avr8-gnu-toolchain/bin/../lib/gcc/avr/5.4.0/../../../../avr/lib/avr5\libm.a(divsf3.o) (__divsf3x)
c:/program files (x86)/atmel/studio/7.0/toolchain/avr8/avr8-gnu-toolchain/bin/../lib/gcc/avr/5.4.0/../../../../avr/lib/avr5\libm.a(fixunssfsi.o)
                              HAL/GPS/GPS_program.o (__fixunssfsi)
c:/program files (x86)/atmel/studio/7.0/toolchain/avr8/avr8-gnu-toolchain/bin/../lib/gcc/avr/5.4.0/../../../../avr/lib/avr5\libm.a(floatsisf.o)
                              MCAL/Timer0/Timer0.o (__floatunsisf)
c:/program files (x86)/atmel/studio/7.0/toolchain/avr8/avr8-gnu-toolchain/bin/../lib/gcc/avr/5.4.0/../../../../avr/lib/avr5\libm.a(fp_inf.o)
                              c:/program files (x86)/atmel/studio/7.0/toolchain/avr8/avr8-gnu-toolchain/bin/../lib/gcc/avr/5.4.0/../../../../avr/lib/avr5\libm.a(addsf3x.o) (__fp_inf)
c:/program files (x86)/atmel/studio/7.0/toolchain/avr8/avr8-gnu-toolchain/bin/../lib/gcc/avr/5.4.0/../../../../avr/lib/avr5\libm.a(fp_nan.o)
                              c:/program files (x86)/atmel/studio/7.0/toolchain/avr8/avr8-gnu-toolchain/bin/../lib/gcc/avr/5.4.0/../../../../avr/lib/avr5\libm.a(addsf3x.o) (__fp_nan)
c:/program files (x86)/atmel/studio/7.0/toolchain/avr8/avr8-gnu-toolchain/bin/../lib/gcc/avr/5.4.0/../../../../avr/lib/avr5\libm.a(fp_pscA.o)
                              c:/program files (x86)/atmel/studio/7.0/toolchain/avr8/avr8-gnu-toolchain/bin/../lib/gcc/avr/5.4.0/../../../../avr/lib/avr5\libm.a(addsf3x.o) (__fp_pscA)
c:/program files (x86)/atmel/studio/7.0/toolchain/avr8/avr8-gnu-toolchain/bin/../lib/gcc/avr/5.4.0/../../../../avr/lib/avr5\libm.a(fp_pscB.o)
                              c:/program files (x86)/atmel/studio/7.0/toolchain/avr8/avr8-gnu-toolchain/bin/../lib/gcc/avr/5.4.0/../../../../avr/lib/avr5\libm.a(addsf3x.o) (__fp_pscB)
c:/program files (x86)/atmel/studio/7.0/toolchain/avr8/avr8-gnu-toolchain/bin/../lib/gcc/avr/5.4.0/../../../../avr/lib/avr5\libm.a(fp_round.o)
                              c:/program files (x86)/atmel/studio/7.0/toolchain/avr8/avr8-gnu-toolchain/bin/../lib/gcc/avr/5.4.0/../../../../avr/lib/avr5\libm.a(addsf3.o) (__fp_round)
c:/program files (x86)/atmel/studio/7.0/toolchain/avr8/avr8-gnu-toolchain/bin/../lib/gcc/avr/5.4.0/../../../../avr/lib/avr5\libm.a(fp_split3.o)
                              c:/program files (x86)/atmel/studio/7.0/toolchain/avr8/avr8-gnu-toolchain/bin/../lib/gcc/avr/5.4.0/../../../../avr/lib/avr5\libm.a(addsf3x.o) (__fp_split3)
c:/program files (x86)/atmel/studio/7.0/toolchain/avr8/avr8-gnu-toolchain/bin/../lib/gcc/avr/5.4.0/../../../../avr/lib/avr5\libm.a(fp_zero.o)
                              c:/program files (x86)/atmel/studio/7.0/toolchain/avr8/avr8-gnu-toolchain/bin/../lib/gcc/avr/5.4.0/../../../../avr/lib/avr5\libm.a(addsf3x.o) (__fp_zero)
c:/program files (x86)/atmel/studio/7.0/toolchain/avr8/avr8-gnu-toolchain/bin/../lib/gcc/avr/5.4.0/../../../../avr/lib/avr5\libm.a(mulsf3.o)
                              MCAL/Timer0/Timer0.o (__mulsf3)
c:/program files (x86)/atmel/studio/7.0/toolchain/avr8/avr8-gnu-toolchain/bin/../lib/gcc/avr/5.4.0/../../../../avr/lib/avr5\libm.a(mulsf3x.o)
                              c:/program files (x86)/atmel/studio/7.0/toolchain/avr8/avr8-gnu-toolchain/bin/../lib/gcc/avr/5.4.0/../../../../avr/lib/avr5\libm.a(mulsf3.o) (__mulsf3x)
c:/program files (x86)/atmel/studio/7.0/toolchain/avr8/avr8-gnu-toolchain/bin/../lib/gcc/avr/5.4.0/avr5\libgcc.a(_mulsi3.o)
                              HAL/heart_rate/heart_rate.o (__mulsi3)
c:/program files (x86)/atmel/studio/7.0/toolchain/avr8/avr8-gnu-toolchain/bin/../lib/gcc/avr/5.4.0/avr5\libgcc.a(_udivmodsi4.o)
                              HAL/heart_rate/heart_rate.o (__udivmodsi4)
c:/program files (x86)/atmel/studio/7.0/toolchain/avr8/avr8-gnu-toolchain/bin/../lib/gcc/avr/5.4.0/avr5\libgcc.a(_exit.o)
                              C:/Program Files (x86)/Atmel/Studio/7.0/Packs/atmel/ATmega_DFP/1.7.374/gcc/dev/atmega32/avr5/crtatmega32.o (exit)
c:/program files (x86)/atmel/studio/7.0/toolchain/avr8/avr8-gnu-toolchain/bin/../lib/gcc/avr/5.4.0/avr5\libgcc.a(_copy_data.o)
                              App_Drowsiness.o (__do_copy_data)
c:/program files (x86)/atmel/studio/7.0/toolchain/avr8/avr8-gnu-toolchain/bin/../lib/gcc/avr/5.4.0/avr5\libgcc.a(_clear_bss.o)
                              App_Drowsiness.o (__do_clear_bss)
c:/program files (x86)/atmel/studio/7.0/toolchain/avr8/avr8-gnu-toolchain/bin/../lib/gcc/avr/5.4.0/avr5\libgcc.a(_umulhisi3.o)
                              MCAL/Timer1/TIMER1_program.o (__umulhisi3)
c:/program files (x86)/atmel/studio/7.0/toolchain/avr8/avr8-gnu-toolchain/bin/../lib/gcc/avr/5.4.0/avr5\libgcc.a(_muluhisi3.o)
                              HAL/heart_rate/heart_rate.o (__muluhisi3)
c:/program files (x86)/atmel/studio/7.0/toolchain/avr8/avr8-gnu-toolchain/bin/../lib/gcc/avr/5.4.0/../../../../avr/lib/avr5\libc.a(atof.o)
                              HAL/GPS/GPS_program.o (atof)
c:/program files (x86)/atmel/studio/7.0/toolchain/avr8/avr8-gnu-toolchain/bin/../lib/gcc/avr/5.4.0/../../../../avr/lib/avr5\libc.a(atoi.o)
                              HAL/GPS/GPS_program.o (atoi)
c:/program files (x86)/atmel/studio/7.0/toolchain/avr8/avr8-gnu-toolchain/bin/../lib/gcc/avr/5.4.0/../../../../avr/lib/avr5\libc.a(strncmp.o)
                              HAL/GPS/GPS_program.o (strncmp)
c:/program files (x86)/atmel/studio/7.0/toolchain/avr8/avr8-gnu-toolchain/bin/../lib/gcc/avr/5.4.0/../../../../avr/lib/avr5\libc.a(mul10.o)
                              c:/program files (x86)/atmel/studio/7.0/toolchain/avr8/avr8-gnu-toolchain/bin/../lib/gcc/avr/5.4.0/../../../../avr/lib/avr5\libc.a(atoi.o) (__mulhi_const_10)
c:/program files (x86)/atmel/studio/7.0/toolchain/avr8/avr8-gnu-toolchain/bin/../lib/gcc/avr/5.4.0/../../../../avr/lib/avr5\libc.a(sprintf.o)
                              App_Drowsiness.o (sprintf)
c:/program files (x86)/atmel/studio/7.0/toolchain/avr8/avr8-gnu-toolchain/bin/../lib/gcc/avr/5.4.0/../../../../avr/lib/avr5\libc.a(vfprintf_std.o)
                              c:/program files (x86)/atmel/studio/7.0/toolchain/avr8/avr8-gnu-toolchain/bin/../lib/gcc/avr/5.4.0/../../../../avr/lib/avr5\libc.a(sprintf.o) (vfprintf)
c:/program files (x86)/atmel/studio/7.0/toolchain/avr8/avr8-gnu-toolchain/bin/../lib/gcc/avr/5.4.0/../../../../avr/lib/avr5\libc.a(strtod.o)
                              c:/program files (x86)/atmel/studio/7.0/toolchain/avr8/avr8-gnu-toolchain/bin/../lib/gcc/avr/5.4.0/../../../../avr/lib/avr5\libc.a(atof.o) (strtod)
c:/program files (x86)/atmel/studio/7.0/toolchain/avr8/avr8-gnu-toolchain/bin/../lib/gcc/avr/5.4.0/../../../../avr/lib/avr5\libc.a(isspace.o)
                              c:/program files (x86)/atmel/studio/7.0/toolchain/avr8/avr8-gnu-toolchain/bin/../lib/gcc/avr/5.4.0/../../../../avr/lib/avr5\libc.a(strtod.o) (isspace)
c:/program files (x86)/atmel/studio/7.0/toolchain/avr8/avr8-gnu-toolchain/bin/../lib/gcc/avr/5.4.0/../../../../avr/lib/avr5\libc.a(strncasecmp_P.o)
                              c:/program files (x86)/atmel/studio/7.0/toolchain/avr8/avr8-gnu-toolchain/bin/../lib/gcc/avr/5.4.0/../../../../avr/lib/avr5\libc.a(strtod.o) (strncasecmp_P)
c:/program files (x86)/atmel/studio/7.0/toolchain/avr8/avr8-gnu-toolchain/bin/../lib/gcc/avr/5.4.0/../../../../avr/lib/avr5\libc.a(strnlen_P.o)
                              c:/program files (x86)/atmel/studio/7.0/toolchain/avr8/avr8-gnu-toolchain/bin/../lib/gcc/avr/5.4.0/../../../../avr/lib/avr5\libc.a(vfprintf_std.o) (strnlen_P)
c:/program files (x86)/atmel/studio/7.0/toolchain/avr8/avr8-gnu-toolchain/bin/../lib/gcc/avr/5.4.0/../../../../avr/lib/avr5\libc.a(strnlen.o)
                              c:/program files (x86)/atmel/studio/7.0/toolchain/avr8/avr8-gnu-toolchain/bin/../lib/gcc/avr/5.4.0/../../../../avr/lib/avr5\libc.a(vfprintf_std.o) (strnlen)
c:/program files (x86)/atmel/studio/7.0/toolchain/avr8/avr8-gnu-toolchain/bin/../lib/gcc/avr/5.4.0/../../../../avr/lib/avr5\libc.a(fputc.o)
                              c:/program files (x86)/atmel/studio/7.0/toolchain/avr8/avr8-gnu-toolchain/bin/../lib/gcc/avr/5.4.0/../../../../avr/lib/avr5\libc.a(vfprintf_std.o) (fputc)
c:/program files (x86)/atmel/studio/7.0/toolchain/avr8/avr8-gnu-toolchain/bin/../lib/gcc/avr/5.4.0/../../../../avr/lib/avr5\libc.a(ultoa_invert.o)
                              c:/program files (x86)/atmel/studio/7.0/toolchain/avr8/avr8-gnu-toolchain/bin/../lib/gcc/avr/5.4.0/../../../../avr/lib/avr5\libc.a(vfprintf_std.o) (__ultoa_invert)
c:/program files (x86)/atmel/studio/7.0/toolchain/avr8/avr8-gnu-toolchain/bin/../lib/gcc/avr/5.4.0/../../../../avr/lib/avr5\libc.a(cmpsf2.o)
                              c:/program files (x86)/atmel/studio/7.0/toolchain/avr8/avr8-gnu-toolchain/bin/../lib/gcc/avr/5.4.0/../../../../avr/lib/avr5\libc.a(strtod.o) (__eqsf2)
c:/program files (x86)/atmel/studio/7.0/toolchain/avr8/avr8-gnu-toolchain/bin/../lib/gcc/avr/5.4.0/../../../../avr/lib/avr5\libc.a(fp_cmp.o)
                              c:/program files (x86)/atmel/studio/7.0/toolchain/avr8/avr8-gnu-toolchain/bin/../lib/gcc/avr/5.4.0/../../../../avr/lib/avr5\libc.a(cmpsf2.o) (__fp_cmp)
c:/program files (x86)/atmel/studio/7.0/toolchain/avr8/avr8-gnu-toolchain/bin/../lib/gcc/avr/5.4.0/../../../../avr/lib/avr5\libc.a(errno.o)
                              c:/program files (x86)/atmel/studio/7.0/toolchain/avr8/avr8-gnu-toolchain/bin/../lib/gcc/avr/5.4.0/../../../../avr/lib/avr5\libc.a(strtod.o) (errno)
c:/program files (x86)/atmel/studio/7.0/toolchain/avr8/avr8-gnu-toolchain/bin/../lib/gcc/avr/5.4.0/../../../../avr/lib/avr5\libc.a(cty_isfalse.o)
                              c:/program files (x86)/atmel/studio/7.0/toolchain/avr8/avr8-gnu-toolchain/bin/../lib/gcc/avr/5.4.0/../../../../avr/lib/avr5\libc.a(isspace.o) (__ctype_isfalse)
c:/program files (x86)/atmel/studio/7.0/toolchain/avr8/avr8-gnu-toolchain/bin/../lib/gcc/avr/5.4.0/avr5\libgcc.a(_prologue.o)
                              c:/program files (x86)/atmel/studio/7.0/toolchain/avr8/avr8-gnu-toolchain/bin/../lib/gcc/avr/5.4.0/../../../../avr/lib/avr5\libc.a(sprintf.o) (__prologue_saves__)
c:/program files (x86)/atmel/studio/7.0/toolchain/avr8/avr8-gnu-toolchain/bin/../lib/gcc/avr/5.4.0/avr5\libgcc.a(_epilogue.o)
                              c:/program files (x86)/atmel/studio/7.0/toolchain/avr8/avr8-gnu-toolchain/bin/../lib/gcc/avr/5.4.0/../../../../avr/lib/avr5\libc.a(sprintf.o) (__epilogue_restores__)

Allocating common symbols
Common symbol       size              file

proteus             0x1               main.o
sending_data        0x1               MCAL/UART/UART_APP.o
errno               0x2               c:/program files (x86)/atmel/studio/7.0/toolchain/avr8/avr8-gnu-toolchain/bin/../lib/gcc/avr/5.4.0/../../../../avr/lib/avr5\libc.a(errno.o)
GPS_Buffer          0x78              HAL/GPS/GPS_program.o
received_data       0x1               MCAL/UART/UART_APP.o
GPS_Data            0x15              HAL/GPS/GPS_program.o

Discarded input sections

 .data          0x00000000        0x0 C:/Program Files (x86)/Atmel/Studio/7.0/Packs/atmel/ATmega_DFP/1.7.374/gcc/dev/atmega32/avr5/crtatmega32.o
 .bss           0x00000000        0x0 C:/Program Files (x86)/Atmel/Studio/7.0/Packs/atmel/ATmega_DFP/1.7.374/gcc/dev/atmega32/avr5/crtatmega32.o
 .text          0x00000000        0x0 App_Drowsiness.o
 .data          0x00000000        0x0 App_Drowsiness.o
 .bss           0x00000000        0x0 App_Drowsiness.o
 .text          0x00000000        0x0 HAL/Accel_sensor/Accel_Sensor.o
 .data          0x00000000        0x0 HAL/Accel_sensor/Accel_Sensor.o
 .bss           0x00000000        0x0 HAL/Accel_sensor/Accel_Sensor.o
 .text          0x00000000        0x0 HAL/Buzzer/Buzzer_program.o
 .data          0x00000000        0x0 HAL/Buzzer/Buzzer_program.o
 .bss           0x00000000        0x0 HAL/Buzzer/Buzzer_program.o
 .text.BUZZER_voidToggle
                0x00000000       0x5e HAL/Buzzer/Buzzer_program.o
 .text          0x00000000        0x0 HAL/DC_MOTOR/DC_MOTOR_program.o
 .data          0x00000000        0x0 HAL/DC_MOTOR/DC_MOTOR_program.o
 .bss           0x00000000        0x0 HAL/DC_MOTOR/DC_MOTOR_program.o
 .text.DC_MOTOR_voidRotateCW
                0x00000000       0x2a HAL/DC_MOTOR/DC_MOTOR_program.o
 .text.DC_MOTOR_voidRotateCCW
                0x00000000       0x2a HAL/DC_MOTOR/DC_MOTOR_program.o
 .text          0x00000000        0x0 HAL/GPS/GPS_program.o
 .data          0x00000000        0x0 HAL/GPS/GPS_program.o
 .bss           0x00000000        0x0 HAL/GPS/GPS_program.o
 .rodata.str1.1
                0x00000000       0x10 HAL/GPS/GPS_program.o
 .text.GPS_voidUpdate
                0x00000000      0x2f6 HAL/GPS/GPS_program.o
 .text.GPS_uint8GetSatelliteCount
                0x00000000        0x6 HAL/GPS/GPS_program.o
 .text.GPS_f32GetAltitude
                0x00000000       0x12 HAL/GPS/GPS_program.o
 .text.GPS_f32GetSpeed
                0x00000000       0x12 HAL/GPS/GPS_program.o
 .text.GPS_uint8GetUTCTime
                0x00000000       0x36 HAL/GPS/GPS_program.o
 .text          0x00000000        0x0 HAL/heart_rate/heart_rate.o
 .data          0x00000000        0x0 HAL/heart_rate/heart_rate.o
 .bss           0x00000000        0x0 HAL/heart_rate/heart_rate.o
 .text.timer1_overflow_counter
                0x00000000       0x28 HAL/heart_rate/heart_rate.o
 .text.timer1_second_edge_isr
                0x00000000      0x126 HAL/heart_rate/heart_rate.o
 .text.timer1_duty_edge_isr
                0x00000000       0x16 HAL/heart_rate/heart_rate.o
 .text.timer1_first_edge_isr
                0x00000000       0x16 HAL/heart_rate/heart_rate.o
 .text.Heart_rate_init
                0x00000000       0x24 HAL/heart_rate/heart_rate.o
 .text.Heart_rate_measure_freq_blocking
                0x00000000      0x10a HAL/heart_rate/heart_rate.o
 .text.Heart_rate_measure_nonblocking
                0x00000000       0x5c HAL/heart_rate/heart_rate.o
 .text.Heart_rate_measure_duty_cycle_blocking
                0x00000000      0x120 HAL/heart_rate/heart_rate.o
 .bss.timer1_prescaler
                0x00000000        0x2 HAL/heart_rate/heart_rate.o
 .bss.op_flag   0x00000000        0x1 HAL/heart_rate/heart_rate.o
 .bss.duty_cycle_ptr
                0x00000000        0x2 HAL/heart_rate/heart_rate.o
 .bss.freq_save_ptr
                0x00000000        0x2 HAL/heart_rate/heart_rate.o
 .bss.duty_edge_time
                0x00000000        0x2 HAL/heart_rate/heart_rate.o
 .bss.second_edge_time
                0x00000000        0x2 HAL/heart_rate/heart_rate.o
 .bss.first_edge_time
                0x00000000        0x2 HAL/heart_rate/heart_rate.o
 .bss.counter   0x00000000        0x4 HAL/heart_rate/heart_rate.o
 .debug_info    0x00000000      0x4cf HAL/heart_rate/heart_rate.o
 .debug_abbrev  0x00000000      0x149 HAL/heart_rate/heart_rate.o
 .debug_loc     0x00000000      0x410 HAL/heart_rate/heart_rate.o
 .debug_aranges
                0x00000000       0x58 HAL/heart_rate/heart_rate.o
 .debug_ranges  0x00000000       0x48 HAL/heart_rate/heart_rate.o
 .debug_line    0x00000000      0x2f6 HAL/heart_rate/heart_rate.o
 .debug_str     0x00000000      0x3ee HAL/heart_rate/heart_rate.o
 .comment       0x00000000       0x31 HAL/heart_rate/heart_rate.o
 .debug_frame   0x00000000      0x154 HAL/heart_rate/heart_rate.o
 .text          0x00000000        0x0 HAL/LED/LED_program.o
 .data          0x00000000        0x0 HAL/LED/LED_program.o
 .bss           0x00000000        0x0 HAL/LED/LED_program.o
 .text.LED_uint8Toggle
                0x00000000       0x90 HAL/LED/LED_program.o
 .text          0x00000000        0x0 HAL/TCRT/TCRT.o
 .data          0x00000000        0x0 HAL/TCRT/TCRT.o
 .bss           0x00000000        0x0 HAL/TCRT/TCRT.o
 .text.TCRT_get_analog_value_nonblocking
                0x00000000       0x18 HAL/TCRT/TCRT.o
 .text.TCRT_read_analog_value_blocking
                0x00000000       0x12 HAL/TCRT/TCRT.o
 .text.TCRT_read_analog_value_nonblocking
                0x00000000       0x5c HAL/TCRT/TCRT.o
 .text.TCRT_read_values_blocking
                0x00000000       0x3c HAL/TCRT/TCRT.o
 .text.TCRT_read_values_nonblocking
                0x00000000       0x3c HAL/TCRT/TCRT.o
 .bss.TCRT_analog_value_ptr
                0x00000000        0x2 HAL/TCRT/TCRT.o
 .bss.debug_flag
                0x00000000        0x1 HAL/TCRT/TCRT.o
 .text          0x00000000        0x0 main.o
 .data          0x00000000        0x0 main.o
 .bss           0x00000000        0x0 main.o
 COMMON         0x00000000        0x1 main.o
 .text          0x00000000        0x0 MCAL/ADC/ADC.o
 .data          0x00000000        0x0 MCAL/ADC/ADC.o
 .bss           0x00000000        0x0 MCAL/ADC/ADC.o
 .text.ADC_config_file_init
                0x00000000       0x40 MCAL/ADC/ADC.o
 .text.ADC_disable
                0x00000000        0xa MCAL/ADC/ADC.o
 .text.ADC_start_conversion_nonblocking
                0x00000000       0x24 MCAL/ADC/ADC.o
 .text.ADC_read_conversion_result
                0x00000000       0x16 MCAL/ADC/ADC.o
 .text.ADC_send_conversion_completed_isr
                0x00000000       0x14 MCAL/ADC/ADC.o
 .text          0x00000000        0x0 MCAL/DIO/DIO.o
 .data          0x00000000        0x0 MCAL/DIO/DIO.o
 .bss           0x00000000        0x0 MCAL/DIO/DIO.o
 .text.GPIO_config_file_init
                0x00000000       0x14 MCAL/DIO/DIO.o
 .text.DIO_set_port_direction
                0x00000000       0x2c MCAL/DIO/DIO.o
 .text.DIO_set_port_logic
                0x00000000       0x2c MCAL/DIO/DIO.o
 .text.DIO_set_pin_pull_up_resisitor
                0x00000000       0xec MCAL/DIO/DIO.o
 .text.DIO_read_port_logic
                0x00000000       0x4e MCAL/DIO/DIO.o
 .text          0x00000000        0x0 MCAL/Interrupt/EXTI_PROGRAME.o
 .data          0x00000000        0x0 MCAL/Interrupt/EXTI_PROGRAME.o
 .bss           0x00000000        0x0 MCAL/Interrupt/EXTI_PROGRAME.o
 .text.EXTI_Enable
                0x00000000       0x38 MCAL/Interrupt/EXTI_PROGRAME.o
 .text.INT1_SetMode
                0x00000000       0x4c MCAL/Interrupt/EXTI_PROGRAME.o
 .text.INT0_SetMode
                0x00000000       0x4c MCAL/Interrupt/EXTI_PROGRAME.o
 .text.INT2_SetMode
                0x00000000       0x1e MCAL/Interrupt/EXTI_PROGRAME.o
 .text.EXTI_Disable
                0x00000000       0x2e MCAL/Interrupt/EXTI_PROGRAME.o
 .debug_info    0x00000000      0x155 MCAL/Interrupt/EXTI_PROGRAME.o
 .debug_abbrev  0x00000000       0x8e MCAL/Interrupt/EXTI_PROGRAME.o
 .debug_loc     0x00000000      0x1b3 MCAL/Interrupt/EXTI_PROGRAME.o
 .debug_aranges
                0x00000000       0x40 MCAL/Interrupt/EXTI_PROGRAME.o
 .debug_ranges  0x00000000       0x30 MCAL/Interrupt/EXTI_PROGRAME.o
 .debug_line    0x00000000      0x172 MCAL/Interrupt/EXTI_PROGRAME.o
 .debug_str     0x00000000      0x1be MCAL/Interrupt/EXTI_PROGRAME.o
 .comment       0x00000000       0x31 MCAL/Interrupt/EXTI_PROGRAME.o
 .debug_frame   0x00000000       0x6c MCAL/Interrupt/EXTI_PROGRAME.o
 .text          0x00000000        0x0 MCAL/Interrupt/GIE_PROGRAME.o
 .data          0x00000000        0x0 MCAL/Interrupt/GIE_PROGRAME.o
 .bss           0x00000000        0x0 MCAL/Interrupt/GIE_PROGRAME.o
 .text.GIE_DISABLE
                0x00000000        0x8 MCAL/Interrupt/GIE_PROGRAME.o
 .text          0x00000000        0x0 MCAL/Timer0/Timer0.o
 .data          0x00000000        0x0 MCAL/Timer0/Timer0.o
 .bss           0x00000000        0x0 MCAL/Timer0/Timer0.o
 .text.TIMER0_disable
                0x00000000        0xa MCAL/Timer0/Timer0.o
 .text.TIMER0_send_overflow_isr
                0x00000000       0x14 MCAL/Timer0/Timer0.o
 .text.TIMER0_send_compare_match_isr
                0x00000000       0x14 MCAL/Timer0/Timer0.o
 .text.TIMER0_set_compare_value
                0x00000000        0x6 MCAL/Timer0/Timer0.o
 .text.TIMER0_write_value
                0x00000000        0x6 MCAL/Timer0/Timer0.o
 .text          0x00000000        0x0 MCAL/Timer1/TIMER1_program.o
 .data          0x00000000        0x0 MCAL/Timer1/TIMER1_program.o
 .bss           0x00000000        0x0 MCAL/Timer1/TIMER1_program.o
 .text.TIMER1_voidInit
                0x00000000       0x46 MCAL/Timer1/TIMER1_program.o
 .text.TIMER1_voidDeInit
                0x00000000       0x3e MCAL/Timer1/TIMER1_program.o
 .text.TIMER1_voidSetCompareA
                0x00000000        0x8 MCAL/Timer1/TIMER1_program.o
 .text.TIMER1_voidSetCompareB
                0x00000000        0x8 MCAL/Timer1/TIMER1_program.o
 .text.TIMER1_voidSetICR
                0x00000000        0x8 MCAL/Timer1/TIMER1_program.o
 .text.TIMER1_voidSetCounter
                0x00000000        0x8 MCAL/Timer1/TIMER1_program.o
 .text.TIMER1_voidSetOverflowCallback
                0x00000000       0x14 MCAL/Timer1/TIMER1_program.o
 .text.TIMER1_voidSetCompareACallback
                0x00000000       0x14 MCAL/Timer1/TIMER1_program.o
 .text.TIMER1_voidSetCompareBCallback
                0x00000000       0x14 MCAL/Timer1/TIMER1_program.o
 .text.TIMER1_voidSetInputCaptureCallback
                0x00000000       0x14 MCAL/Timer1/TIMER1_program.o
 .text.TIMER1_voidSetPWMDutyA
                0x00000000       0x28 MCAL/Timer1/TIMER1_program.o
 .text.TIMER1_voidSetPWMDutyB
                0x00000000       0x28 MCAL/Timer1/TIMER1_program.o
 .text.TIMER1_voidSetPWMFrequency
                0x00000000       0x78 MCAL/Timer1/TIMER1_program.o
 .text.TIMER1_set_ICU_rising_edge
                0x00000000        0xa MCAL/Timer1/TIMER1_program.o
 .text.TIMER1_set_ICU_falling_edge
                0x00000000        0xa MCAL/Timer1/TIMER1_program.o
 .text.TIMER1_read_capture_value
                0x00000000       0x16 MCAL/Timer1/TIMER1_program.o
 .text.TIMER1_overflow_interrupt_enable
                0x00000000        0xa MCAL/Timer1/TIMER1_program.o
 .text.TIMER1_overflow_interrupt_disable
                0x00000000        0xa MCAL/Timer1/TIMER1_program.o
 .text.TIMER1_ICU_interrupt_enable
                0x00000000        0xa MCAL/Timer1/TIMER1_program.o
 .text.TIMER1_ICU_interrupt_disable
                0x00000000        0xa MCAL/Timer1/TIMER1_program.o
 .rodata.prescalers.1678
                0x00000000        0xa MCAL/Timer1/TIMER1_program.o
 .text          0x00000000        0x0 MCAL/Timer2/Timer2.o
 .data          0x00000000        0x0 MCAL/Timer2/Timer2.o
 .bss           0x00000000        0x0 MCAL/Timer2/Timer2.o
 .text.TIMER2_confiG_file_init
                0x00000000       0x34 MCAL/Timer2/Timer2.o
 .text.TIMER2_disable
                0x00000000        0xa MCAL/Timer2/Timer2.o
 .text.TIMER2_send_overflow_isr
                0x00000000       0x14 MCAL/Timer2/Timer2.o
 .text.TIMER2_send_compare_match_isr
                0x00000000       0x14 MCAL/Timer2/Timer2.o
 .text.TIMER2_set_compare_value
                0x00000000        0x6 MCAL/Timer2/Timer2.o
 .text.TIMER2_write_value
                0x00000000        0x6 MCAL/Timer2/Timer2.o
 .text.TIMER2_set_duty_cycle
                0x00000000       0x2e MCAL/Timer2/Timer2.o
 .text          0x00000000        0x0 MCAL/UART/UART_APP.o
 .data          0x00000000        0x0 MCAL/UART/UART_APP.o
 .bss           0x00000000        0x0 MCAL/UART/UART_APP.o
 .text.UART_Send_Data_InterruptMethod
                0x00000000       0x16 MCAL/UART/UART_APP.o
 .text.UART_Send_String
                0x00000000       0x1c MCAL/UART/UART_APP.o
 .text.UART_Receive_data_PolingMethod
                0x00000000       0x18 MCAL/UART/UART_APP.o
 .text.UART_Receive_data_interruptMethod
                0x00000000       0x1e MCAL/UART/UART_APP.o
 .text.UART_Receive_String
                0x00000000       0x6a MCAL/UART/UART_APP.o
 .text.UART_Frame_Error
                0x00000000        0xc MCAL/UART/UART_APP.o
 .text.UART_Baudrate_Error
                0x00000000        0xc MCAL/UART/UART_APP.o
 .data.sending_ptr
                0x00000000        0x2 MCAL/UART/UART_APP.o
 .text          0x00000000        0x0 c:/program files (x86)/atmel/studio/7.0/toolchain/avr8/avr8-gnu-toolchain/bin/../lib/gcc/avr/5.4.0/../../../../avr/lib/avr5\libm.a(addsf3.o)
 .data          0x00000000        0x0 c:/program files (x86)/atmel/studio/7.0/toolchain/avr8/avr8-gnu-toolchain/bin/../lib/gcc/avr/5.4.0/../../../../avr/lib/avr5\libm.a(addsf3.o)
 .bss           0x00000000        0x0 c:/program files (x86)/atmel/studio/7.0/toolchain/avr8/avr8-gnu-toolchain/bin/../lib/gcc/avr/5.4.0/../../../../avr/lib/avr5\libm.a(addsf3.o)
 .text.avr-libc.fplib
                0x00000000        0xe c:/program files (x86)/atmel/studio/7.0/toolchain/avr8/avr8-gnu-toolchain/bin/../lib/gcc/avr/5.4.0/../../../../avr/lib/avr5\libm.a(addsf3.o)
 .text          0x00000000        0x0 c:/program files (x86)/atmel/studio/7.0/toolchain/avr8/avr8-gnu-toolchain/bin/../lib/gcc/avr/5.4.0/../../../../avr/lib/avr5\libm.a(addsf3x.o)
 .data          0x00000000        0x0 c:/program files (x86)/atmel/studio/7.0/toolchain/avr8/avr8-gnu-toolchain/bin/../lib/gcc/avr/5.4.0/../../../../avr/lib/avr5\libm.a(addsf3x.o)
 .bss           0x00000000        0x0 c:/program files (x86)/atmel/studio/7.0/toolchain/avr8/avr8-gnu-toolchain/bin/../lib/gcc/avr/5.4.0/../../../../avr/lib/avr5\libm.a(addsf3x.o)
 .text.avr-libc.fplib
                0x00000000       0xcc c:/program files (x86)/atmel/studio/7.0/toolchain/avr8/avr8-gnu-toolchain/bin/../lib/gcc/avr/5.4.0/../../../../avr/lib/avr5\libm.a(addsf3x.o)
 .text          0x00000000        0x0 c:/program files (x86)/atmel/studio/7.0/toolchain/avr8/avr8-gnu-toolchain/bin/../lib/gcc/avr/5.4.0/../../../../avr/lib/avr5\libm.a(divsf3.o)
 .data          0x00000000        0x0 c:/program files (x86)/atmel/studio/7.0/toolchain/avr8/avr8-gnu-toolchain/bin/../lib/gcc/avr/5.4.0/../../../../avr/lib/avr5\libm.a(divsf3.o)
 .bss           0x00000000        0x0 c:/program files (x86)/atmel/studio/7.0/toolchain/avr8/avr8-gnu-toolchain/bin/../lib/gcc/avr/5.4.0/../../../../avr/lib/avr5\libm.a(divsf3.o)
 .text          0x00000000        0x0 c:/program files (x86)/atmel/studio/7.0/toolchain/avr8/avr8-gnu-toolchain/bin/../lib/gcc/avr/5.4.0/../../../../avr/lib/avr5\libm.a(divsf3x.o)
 .data          0x00000000        0x0 c:/program files (x86)/atmel/studio/7.0/toolchain/avr8/avr8-gnu-toolchain/bin/../lib/gcc/avr/5.4.0/../../../../avr/lib/avr5\libm.a(divsf3x.o)
 .bss           0x00000000        0x0 c:/program files (x86)/atmel/studio/7.0/toolchain/avr8/avr8-gnu-toolchain/bin/../lib/gcc/avr/5.4.0/../../../../avr/lib/avr5\libm.a(divsf3x.o)
 .text          0x00000000        0x0 c:/program files (x86)/atmel/studio/7.0/toolchain/avr8/avr8-gnu-toolchain/bin/../lib/gcc/avr/5.4.0/../../../../avr/lib/avr5\libm.a(fixunssfsi.o)
 .data          0x00000000        0x0 c:/program files (x86)/atmel/studio/7.0/toolchain/avr8/avr8-gnu-toolchain/bin/../lib/gcc/avr/5.4.0/../../../../avr/lib/avr5\libm.a(fixunssfsi.o)
 .bss           0x00000000        0x0 c:/program files (x86)/atmel/studio/7.0/toolchain/avr8/avr8-gnu-toolchain/bin/../lib/gcc/avr/5.4.0/../../../../avr/lib/avr5\libm.a(fixunssfsi.o)
 .text          0x00000000        0x0 c:/program files (x86)/atmel/studio/7.0/toolchain/avr8/avr8-gnu-toolchain/bin/../lib/gcc/avr/5.4.0/../../../../avr/lib/avr5\libm.a(floatsisf.o)
 .data          0x00000000        0x0 c:/program files (x86)/atmel/studio/7.0/toolchain/avr8/avr8-gnu-toolchain/bin/../lib/gcc/avr/5.4.0/../../../../avr/lib/avr5\libm.a(floatsisf.o)
 .bss           0x00000000        0x0 c:/program files (x86)/atmel/studio/7.0/toolchain/avr8/avr8-gnu-toolchain/bin/../lib/gcc/avr/5.4.0/../../../../avr/lib/avr5\libm.a(floatsisf.o)
 .text          0x00000000        0x0 c:/program files (x86)/atmel/studio/7.0/toolchain/avr8/avr8-gnu-toolchain/bin/../lib/gcc/avr/5.4.0/../../../../avr/lib/avr5\libm.a(fp_inf.o)
 .data          0x00000000        0x0 c:/program files (x86)/atmel/studio/7.0/toolchain/avr8/avr8-gnu-toolchain/bin/../lib/gcc/avr/5.4.0/../../../../avr/lib/avr5\libm.a(fp_inf.o)
 .bss           0x00000000        0x0 c:/program files (x86)/atmel/studio/7.0/toolchain/avr8/avr8-gnu-toolchain/bin/../lib/gcc/avr/5.4.0/../../../../avr/lib/avr5\libm.a(fp_inf.o)
 .text          0x00000000        0x0 c:/program files (x86)/atmel/studio/7.0/toolchain/avr8/avr8-gnu-toolchain/bin/../lib/gcc/avr/5.4.0/../../../../avr/lib/avr5\libm.a(fp_nan.o)
 .data          0x00000000        0x0 c:/program files (x86)/atmel/studio/7.0/toolchain/avr8/avr8-gnu-toolchain/bin/../lib/gcc/avr/5.4.0/../../../../avr/lib/avr5\libm.a(fp_nan.o)
 .bss           0x00000000        0x0 c:/program files (x86)/atmel/studio/7.0/toolchain/avr8/avr8-gnu-toolchain/bin/../lib/gcc/avr/5.4.0/../../../../avr/lib/avr5\libm.a(fp_nan.o)
 .text          0x00000000        0x0 c:/program files (x86)/atmel/studio/7.0/toolchain/avr8/avr8-gnu-toolchain/bin/../lib/gcc/avr/5.4.0/../../../../avr/lib/avr5\libm.a(fp_pscA.o)
 .data          0x00000000        0x0 c:/program files (x86)/atmel/studio/7.0/toolchain/avr8/avr8-gnu-toolchain/bin/../lib/gcc/avr/5.4.0/../../../../avr/lib/avr5\libm.a(fp_pscA.o)
 .bss           0x00000000        0x0 c:/program files (x86)/atmel/studio/7.0/toolchain/avr8/avr8-gnu-toolchain/bin/../lib/gcc/avr/5.4.0/../../../../avr/lib/avr5\libm.a(fp_pscA.o)
 .text          0x00000000        0x0 c:/program files (x86)/atmel/studio/7.0/toolchain/avr8/avr8-gnu-toolchain/bin/../lib/gcc/avr/5.4.0/../../../../avr/lib/avr5\libm.a(fp_pscB.o)
 .data          0x00000000        0x0 c:/program files (x86)/atmel/studio/7.0/toolchain/avr8/avr8-gnu-toolchain/bin/../lib/gcc/avr/5.4.0/../../../../avr/lib/avr5\libm.a(fp_pscB.o)
 .bss           0x00000000        0x0 c:/program files (x86)/atmel/studio/7.0/toolchain/avr8/avr8-gnu-toolchain/bin/../lib/gcc/avr/5.4.0/../../../../avr/lib/avr5\libm.a(fp_pscB.o)
 .text          0x00000000        0x0 c:/program files (x86)/atmel/studio/7.0/toolchain/avr8/avr8-gnu-toolchain/bin/../lib/gcc/avr/5.4.0/../../../../avr/lib/avr5\libm.a(fp_round.o)
 .data          0x00000000        0x0 c:/program files (x86)/atmel/studio/7.0/toolchain/avr8/avr8-gnu-toolchain/bin/../lib/gcc/avr/5.4.0/../../../../avr/lib/avr5\libm.a(fp_round.o)
 .bss           0x00000000        0x0 c:/program files (x86)/atmel/studio/7.0/toolchain/avr8/avr8-gnu-toolchain/bin/../lib/gcc/avr/5.4.0/../../../../avr/lib/avr5\libm.a(fp_round.o)
 .text          0x00000000        0x0 c:/program files (x86)/atmel/studio/7.0/toolchain/avr8/avr8-gnu-toolchain/bin/../lib/gcc/avr/5.4.0/../../../../avr/lib/avr5\libm.a(fp_split3.o)
 .data          0x00000000        0x0 c:/program files (x86)/atmel/studio/7.0/toolchain/avr8/avr8-gnu-toolchain/bin/../lib/gcc/avr/5.4.0/../../../../avr/lib/avr5\libm.a(fp_split3.o)
 .bss           0x00000000        0x0 c:/program files (x86)/atmel/studio/7.0/toolchain/avr8/avr8-gnu-toolchain/bin/../lib/gcc/avr/5.4.0/../../../../avr/lib/avr5\libm.a(fp_split3.o)
 .text          0x00000000        0x0 c:/program files (x86)/atmel/studio/7.0/toolchain/avr8/avr8-gnu-toolchain/bin/../lib/gcc/avr/5.4.0/../../../../avr/lib/avr5\libm.a(fp_zero.o)
 .data          0x00000000        0x0 c:/program files (x86)/atmel/studio/7.0/toolchain/avr8/avr8-gnu-toolchain/bin/../lib/gcc/avr/5.4.0/../../../../avr/lib/avr5\libm.a(fp_zero.o)
 .bss           0x00000000        0x0 c:/program files (x86)/atmel/studio/7.0/toolchain/avr8/avr8-gnu-toolchain/bin/../lib/gcc/avr/5.4.0/../../../../avr/lib/avr5\libm.a(fp_zero.o)
 .text          0x00000000        0x0 c:/program files (x86)/atmel/studio/7.0/toolchain/avr8/avr8-gnu-toolchain/bin/../lib/gcc/avr/5.4.0/../../../../avr/lib/avr5\libm.a(mulsf3.o)
 .data          0x00000000        0x0 c:/program files (x86)/atmel/studio/7.0/toolchain/avr8/avr8-gnu-toolchain/bin/../lib/gcc/avr/5.4.0/../../../../avr/lib/avr5\libm.a(mulsf3.o)
 .bss           0x00000000        0x0 c:/program files (x86)/atmel/studio/7.0/toolchain/avr8/avr8-gnu-toolchain/bin/../lib/gcc/avr/5.4.0/../../../../avr/lib/avr5\libm.a(mulsf3.o)
 .text          0x00000000        0x0 c:/program files (x86)/atmel/studio/7.0/toolchain/avr8/avr8-gnu-toolchain/bin/../lib/gcc/avr/5.4.0/../../../../avr/lib/avr5\libm.a(mulsf3x.o)
 .data          0x00000000        0x0 c:/program files (x86)/atmel/studio/7.0/toolchain/avr8/avr8-gnu-toolchain/bin/../lib/gcc/avr/5.4.0/../../../../avr/lib/avr5\libm.a(mulsf3x.o)
 .bss           0x00000000        0x0 c:/program files (x86)/atmel/studio/7.0/toolchain/avr8/avr8-gnu-toolchain/bin/../lib/gcc/avr/5.4.0/../../../../avr/lib/avr5\libm.a(mulsf3x.o)
 .text          0x00000000        0x0 c:/program files (x86)/atmel/studio/7.0/toolchain/avr8/avr8-gnu-toolchain/bin/../lib/gcc/avr/5.4.0/avr5\libgcc.a(_mulsi3.o)
 .data          0x00000000        0x0 c:/program files (x86)/atmel/studio/7.0/toolchain/avr8/avr8-gnu-toolchain/bin/../lib/gcc/avr/5.4.0/avr5\libgcc.a(_mulsi3.o)
 .bss           0x00000000        0x0 c:/program files (x86)/atmel/studio/7.0/toolchain/avr8/avr8-gnu-toolchain/bin/../lib/gcc/avr/5.4.0/avr5\libgcc.a(_mulsi3.o)
 .text.libgcc.mul
                0x00000000       0x20 c:/program files (x86)/atmel/studio/7.0/toolchain/avr8/avr8-gnu-toolchain/bin/../lib/gcc/avr/5.4.0/avr5\libgcc.a(_mulsi3.o)
 .text.libgcc.div
                0x00000000        0x0 c:/program files (x86)/atmel/studio/7.0/toolchain/avr8/avr8-gnu-toolchain/bin/../lib/gcc/avr/5.4.0/avr5\libgcc.a(_mulsi3.o)
 .text.libgcc   0x00000000        0x0 c:/program files (x86)/atmel/studio/7.0/toolchain/avr8/avr8-gnu-toolchain/bin/../lib/gcc/avr/5.4.0/avr5\libgcc.a(_mulsi3.o)
 .text.libgcc.prologue
                0x00000000        0x0 c:/program files (x86)/atmel/studio/7.0/toolchain/avr8/avr8-gnu-toolchain/bin/../lib/gcc/avr/5.4.0/avr5\libgcc.a(_mulsi3.o)
 .text.libgcc.builtins
                0x00000000        0x0 c:/program files (x86)/atmel/studio/7.0/toolchain/avr8/avr8-gnu-toolchain/bin/../lib/gcc/avr/5.4.0/avr5\libgcc.a(_mulsi3.o)
 .text.libgcc.fmul
                0x00000000        0x0 c:/program files (x86)/atmel/studio/7.0/toolchain/avr8/avr8-gnu-toolchain/bin/../lib/gcc/avr/5.4.0/avr5\libgcc.a(_mulsi3.o)
 .text.libgcc.fixed
                0x00000000        0x0 c:/program files (x86)/atmel/studio/7.0/toolchain/avr8/avr8-gnu-toolchain/bin/../lib/gcc/avr/5.4.0/avr5\libgcc.a(_mulsi3.o)
 .text          0x00000000        0x0 c:/program files (x86)/atmel/studio/7.0/toolchain/avr8/avr8-gnu-toolchain/bin/../lib/gcc/avr/5.4.0/avr5\libgcc.a(_udivmodsi4.o)
 .data          0x00000000        0x0 c:/program files (x86)/atmel/studio/7.0/toolchain/avr8/avr8-gnu-toolchain/bin/../lib/gcc/avr/5.4.0/avr5\libgcc.a(_udivmodsi4.o)
 .bss           0x00000000        0x0 c:/program files (x86)/atmel/studio/7.0/toolchain/avr8/avr8-gnu-toolchain/bin/../lib/gcc/avr/5.4.0/avr5\libgcc.a(_udivmodsi4.o)
 .text.libgcc.mul
                0x00000000        0x0 c:/program files (x86)/atmel/studio/7.0/toolchain/avr8/avr8-gnu-toolchain/bin/../lib/gcc/avr/5.4.0/avr5\libgcc.a(_udivmodsi4.o)
 .text.libgcc.div
                0x00000000       0x44 c:/program files (x86)/atmel/studio/7.0/toolchain/avr8/avr8-gnu-toolchain/bin/../lib/gcc/avr/5.4.0/avr5\libgcc.a(_udivmodsi4.o)
 .text.libgcc   0x00000000        0x0 c:/program files (x86)/atmel/studio/7.0/toolchain/avr8/avr8-gnu-toolchain/bin/../lib/gcc/avr/5.4.0/avr5\libgcc.a(_udivmodsi4.o)
 .text.libgcc.prologue
                0x00000000        0x0 c:/program files (x86)/atmel/studio/7.0/toolchain/avr8/avr8-gnu-toolchain/bin/../lib/gcc/avr/5.4.0/avr5\libgcc.a(_udivmodsi4.o)
 .text.libgcc.builtins
                0x00000000        0x0 c:/program files (x86)/atmel/studio/7.0/toolchain/avr8/avr8-gnu-toolchain/bin/../lib/gcc/avr/5.4.0/avr5\libgcc.a(_udivmodsi4.o)
 .text.libgcc.fmul
                0x00000000        0x0 c:/program files (x86)/atmel/studio/7.0/toolchain/avr8/avr8-gnu-toolchain/bin/../lib/gcc/avr/5.4.0/avr5\libgcc.a(_udivmodsi4.o)
 .text.libgcc.fixed
                0x00000000        0x0 c:/program files (x86)/atmel/studio/7.0/toolchain/avr8/avr8-gnu-toolchain/bin/../lib/gcc/avr/5.4.0/avr5\libgcc.a(_udivmodsi4.o)
 .text          0x00000000        0x0 c:/program files (x86)/atmel/studio/7.0/toolchain/avr8/avr8-gnu-toolchain/bin/../lib/gcc/avr/5.4.0/avr5\libgcc.a(_exit.o)
 .data          0x00000000        0x0 c:/program files (x86)/atmel/studio/7.0/toolchain/avr8/avr8-gnu-toolchain/bin/../lib/gcc/avr/5.4.0/avr5\libgcc.a(_exit.o)
 .bss           0x00000000        0x0 c:/program files (x86)/atmel/studio/7.0/toolchain/avr8/avr8-gnu-toolchain/bin/../lib/gcc/avr/5.4.0/avr5\libgcc.a(_exit.o)
 .text.libgcc.mul
                0x00000000        0x0 c:/program files (x86)/atmel/studio/7.0/toolchain/avr8/avr8-gnu-toolchain/bin/../lib/gcc/avr/5.4.0/avr5\libgcc.a(_exit.o)
 .text.libgcc.div
                0x00000000        0x0 c:/program files (x86)/atmel/studio/7.0/toolchain/avr8/avr8-gnu-toolchain/bin/../lib/gcc/avr/5.4.0/avr5\libgcc.a(_exit.o)
 .text.libgcc   0x00000000        0x0 c:/program files (x86)/atmel/studio/7.0/toolchain/avr8/avr8-gnu-toolchain/bin/../lib/gcc/avr/5.4.0/avr5\libgcc.a(_exit.o)
 .text.libgcc.prologue
                0x00000000        0x0 c:/program files (x86)/atmel/studio/7.0/toolchain/avr8/avr8-gnu-toolchain/bin/../lib/gcc/avr/5.4.0/avr5\libgcc.a(_exit.o)
 .text.libgcc.builtins
                0x00000000        0x0 c:/program files (x86)/atmel/studio/7.0/toolchain/avr8/avr8-gnu-toolchain/bin/../lib/gcc/avr/5.4.0/avr5\libgcc.a(_exit.o)
 .text.libgcc.fmul
                0x00000000        0x0 c:/program files (x86)/atmel/studio/7.0/toolchain/avr8/avr8-gnu-toolchain/bin/../lib/gcc/avr/5.4.0/avr5\libgcc.a(_exit.o)
 .text.libgcc.fixed
                0x00000000        0x0 c:/program files (x86)/atmel/studio/7.0/toolchain/avr8/avr8-gnu-toolchain/bin/../lib/gcc/avr/5.4.0/avr5\libgcc.a(_exit.o)
 .text          0x00000000        0x0 c:/program files (x86)/atmel/studio/7.0/toolchain/avr8/avr8-gnu-toolchain/bin/../lib/gcc/avr/5.4.0/avr5\libgcc.a(_copy_data.o)
 .data          0x00000000        0x0 c:/program files (x86)/atmel/studio/7.0/toolchain/avr8/avr8-gnu-toolchain/bin/../lib/gcc/avr/5.4.0/avr5\libgcc.a(_copy_data.o)
 .bss           0x00000000        0x0 c:/program files (x86)/atmel/studio/7.0/toolchain/avr8/avr8-gnu-toolchain/bin/../lib/gcc/avr/5.4.0/avr5\libgcc.a(_copy_data.o)
 .text.libgcc.mul
                0x00000000        0x0 c:/program files (x86)/atmel/studio/7.0/toolchain/avr8/avr8-gnu-toolchain/bin/../lib/gcc/avr/5.4.0/avr5\libgcc.a(_copy_data.o)
 .text.libgcc.div
                0x00000000        0x0 c:/program files (x86)/atmel/studio/7.0/toolchain/avr8/avr8-gnu-toolchain/bin/../lib/gcc/avr/5.4.0/avr5\libgcc.a(_copy_data.o)
 .text.libgcc   0x00000000        0x0 c:/program files (x86)/atmel/studio/7.0/toolchain/avr8/avr8-gnu-toolchain/bin/../lib/gcc/avr/5.4.0/avr5\libgcc.a(_copy_data.o)
 .text.libgcc.prologue
                0x00000000        0x0 c:/program files (x86)/atmel/studio/7.0/toolchain/avr8/avr8-gnu-toolchain/bin/../lib/gcc/avr/5.4.0/avr5\libgcc.a(_copy_data.o)
 .text.libgcc.builtins
                0x00000000        0x0 c:/program files (x86)/atmel/studio/7.0/toolchain/avr8/avr8-gnu-toolchain/bin/../lib/gcc/avr/5.4.0/avr5\libgcc.a(_copy_data.o)
 .text.libgcc.fmul
                0x00000000        0x0 c:/program files (x86)/atmel/studio/7.0/toolchain/avr8/avr8-gnu-toolchain/bin/../lib/gcc/avr/5.4.0/avr5\libgcc.a(_copy_data.o)
 .text.libgcc.fixed
                0x00000000        0x0 c:/program files (x86)/atmel/studio/7.0/toolchain/avr8/avr8-gnu-toolchain/bin/../lib/gcc/avr/5.4.0/avr5\libgcc.a(_copy_data.o)
 .text          0x00000000        0x0 c:/program files (x86)/atmel/studio/7.0/toolchain/avr8/avr8-gnu-toolchain/bin/../lib/gcc/avr/5.4.0/avr5\libgcc.a(_clear_bss.o)
 .data          0x00000000        0x0 c:/program files (x86)/atmel/studio/7.0/toolchain/avr8/avr8-gnu-toolchain/bin/../lib/gcc/avr/5.4.0/avr5\libgcc.a(_clear_bss.o)
 .bss           0x00000000        0x0 c:/program files (x86)/atmel/studio/7.0/toolchain/avr8/avr8-gnu-toolchain/bin/../lib/gcc/avr/5.4.0/avr5\libgcc.a(_clear_bss.o)
 .text.libgcc.mul
                0x00000000        0x0 c:/program files (x86)/atmel/studio/7.0/toolchain/avr8/avr8-gnu-toolchain/bin/../lib/gcc/avr/5.4.0/avr5\libgcc.a(_clear_bss.o)
 .text.libgcc.div
                0x00000000        0x0 c:/program files (x86)/atmel/studio/7.0/toolchain/avr8/avr8-gnu-toolchain/bin/../lib/gcc/avr/5.4.0/avr5\libgcc.a(_clear_bss.o)
 .text.libgcc   0x00000000        0x0 c:/program files (x86)/atmel/studio/7.0/toolchain/avr8/avr8-gnu-toolchain/bin/../lib/gcc/avr/5.4.0/avr5\libgcc.a(_clear_bss.o)
 .text.libgcc.prologue
                0x00000000        0x0 c:/program files (x86)/atmel/studio/7.0/toolchain/avr8/avr8-gnu-toolchain/bin/../lib/gcc/avr/5.4.0/avr5\libgcc.a(_clear_bss.o)
 .text.libgcc.builtins
                0x00000000        0x0 c:/program files (x86)/atmel/studio/7.0/toolchain/avr8/avr8-gnu-toolchain/bin/../lib/gcc/avr/5.4.0/avr5\libgcc.a(_clear_bss.o)
 .text.libgcc.fmul
                0x00000000        0x0 c:/program files (x86)/atmel/studio/7.0/toolchain/avr8/avr8-gnu-toolchain/bin/../lib/gcc/avr/5.4.0/avr5\libgcc.a(_clear_bss.o)
 .text.libgcc.fixed
                0x00000000        0x0 c:/program files (x86)/atmel/studio/7.0/toolchain/avr8/avr8-gnu-toolchain/bin/../lib/gcc/avr/5.4.0/avr5\libgcc.a(_clear_bss.o)
 .text          0x00000000        0x0 c:/program files (x86)/atmel/studio/7.0/toolchain/avr8/avr8-gnu-toolchain/bin/../lib/gcc/avr/5.4.0/avr5\libgcc.a(_umulhisi3.o)
 .data          0x00000000        0x0 c:/program files (x86)/atmel/studio/7.0/toolchain/avr8/avr8-gnu-toolchain/bin/../lib/gcc/avr/5.4.0/avr5\libgcc.a(_umulhisi3.o)
 .bss           0x00000000        0x0 c:/program files (x86)/atmel/studio/7.0/toolchain/avr8/avr8-gnu-toolchain/bin/../lib/gcc/avr/5.4.0/avr5\libgcc.a(_umulhisi3.o)
 .text.libgcc.mul
                0x00000000       0x1e c:/program files (x86)/atmel/studio/7.0/toolchain/avr8/avr8-gnu-toolchain/bin/../lib/gcc/avr/5.4.0/avr5\libgcc.a(_umulhisi3.o)
 .text.libgcc.div
                0x00000000        0x0 c:/program files (x86)/atmel/studio/7.0/toolchain/avr8/avr8-gnu-toolchain/bin/../lib/gcc/avr/5.4.0/avr5\libgcc.a(_umulhisi3.o)
 .text.libgcc   0x00000000        0x0 c:/program files (x86)/atmel/studio/7.0/toolchain/avr8/avr8-gnu-toolchain/bin/../lib/gcc/avr/5.4.0/avr5\libgcc.a(_umulhisi3.o)
 .text.libgcc.prologue
                0x00000000        0x0 c:/program files (x86)/atmel/studio/7.0/toolchain/avr8/avr8-gnu-toolchain/bin/../lib/gcc/avr/5.4.0/avr5\libgcc.a(_umulhisi3.o)
 .text.libgcc.builtins
                0x00000000        0x0 c:/program files (x86)/atmel/studio/7.0/toolchain/avr8/avr8-gnu-toolchain/bin/../lib/gcc/avr/5.4.0/avr5\libgcc.a(_umulhisi3.o)
 .text.libgcc.fmul
                0x00000000        0x0 c:/program files (x86)/atmel/studio/7.0/toolchain/avr8/avr8-gnu-toolchain/bin/../lib/gcc/avr/5.4.0/avr5\libgcc.a(_umulhisi3.o)
 .text.libgcc.fixed
                0x00000000        0x0 c:/program files (x86)/atmel/studio/7.0/toolchain/avr8/avr8-gnu-toolchain/bin/../lib/gcc/avr/5.4.0/avr5\libgcc.a(_umulhisi3.o)
 .text          0x00000000        0x0 c:/program files (x86)/atmel/studio/7.0/toolchain/avr8/avr8-gnu-toolchain/bin/../lib/gcc/avr/5.4.0/avr5\libgcc.a(_muluhisi3.o)
 .data          0x00000000        0x0 c:/program files (x86)/atmel/studio/7.0/toolchain/avr8/avr8-gnu-toolchain/bin/../lib/gcc/avr/5.4.0/avr5\libgcc.a(_muluhisi3.o)
 .bss           0x00000000        0x0 c:/program files (x86)/atmel/studio/7.0/toolchain/avr8/avr8-gnu-toolchain/bin/../lib/gcc/avr/5.4.0/avr5\libgcc.a(_muluhisi3.o)
 .text.libgcc.mul
                0x00000000       0x16 c:/program files (x86)/atmel/studio/7.0/toolchain/avr8/avr8-gnu-toolchain/bin/../lib/gcc/avr/5.4.0/avr5\libgcc.a(_muluhisi3.o)
 .text.libgcc.div
                0x00000000        0x0 c:/program files (x86)/atmel/studio/7.0/toolchain/avr8/avr8-gnu-toolchain/bin/../lib/gcc/avr/5.4.0/avr5\libgcc.a(_muluhisi3.o)
 .text.libgcc   0x00000000        0x0 c:/program files (x86)/atmel/studio/7.0/toolchain/avr8/avr8-gnu-toolchain/bin/../lib/gcc/avr/5.4.0/avr5\libgcc.a(_muluhisi3.o)
 .text.libgcc.prologue
                0x00000000        0x0 c:/program files (x86)/atmel/studio/7.0/toolchain/avr8/avr8-gnu-toolchain/bin/../lib/gcc/avr/5.4.0/avr5\libgcc.a(_muluhisi3.o)
 .text.libgcc.builtins
                0x00000000        0x0 c:/program files (x86)/atmel/studio/7.0/toolchain/avr8/avr8-gnu-toolchain/bin/../lib/gcc/avr/5.4.0/avr5\libgcc.a(_muluhisi3.o)
 .text.libgcc.fmul
                0x00000000        0x0 c:/program files (x86)/atmel/studio/7.0/toolchain/avr8/avr8-gnu-toolchain/bin/../lib/gcc/avr/5.4.0/avr5\libgcc.a(_muluhisi3.o)
 .text.libgcc.fixed
                0x00000000        0x0 c:/program files (x86)/atmel/studio/7.0/toolchain/avr8/avr8-gnu-toolchain/bin/../lib/gcc/avr/5.4.0/avr5\libgcc.a(_muluhisi3.o)
 .text          0x00000000        0x0 c:/program files (x86)/atmel/studio/7.0/toolchain/avr8/avr8-gnu-toolchain/bin/../lib/gcc/avr/5.4.0/../../../../avr/lib/avr5\libc.a(atof.o)
 .data          0x00000000        0x0 c:/program files (x86)/atmel/studio/7.0/toolchain/avr8/avr8-gnu-toolchain/bin/../lib/gcc/avr/5.4.0/../../../../avr/lib/avr5\libc.a(atof.o)
 .bss           0x00000000        0x0 c:/program files (x86)/atmel/studio/7.0/toolchain/avr8/avr8-gnu-toolchain/bin/../lib/gcc/avr/5.4.0/../../../../avr/lib/avr5\libc.a(atof.o)
 .text.avr-libc
                0x00000000        0x8 c:/program files (x86)/atmel/studio/7.0/toolchain/avr8/avr8-gnu-toolchain/bin/../lib/gcc/avr/5.4.0/../../../../avr/lib/avr5\libc.a(atof.o)
 .text          0x00000000        0x0 c:/program files (x86)/atmel/studio/7.0/toolchain/avr8/avr8-gnu-toolchain/bin/../lib/gcc/avr/5.4.0/../../../../avr/lib/avr5\libc.a(atoi.o)
 .data          0x00000000        0x0 c:/program files (x86)/atmel/studio/7.0/toolchain/avr8/avr8-gnu-toolchain/bin/../lib/gcc/avr/5.4.0/../../../../avr/lib/avr5\libc.a(atoi.o)
 .bss           0x00000000        0x0 c:/program files (x86)/atmel/studio/7.0/toolchain/avr8/avr8-gnu-toolchain/bin/../lib/gcc/avr/5.4.0/../../../../avr/lib/avr5\libc.a(atoi.o)
 .text.avr-libc
                0x00000000       0x3c c:/program files (x86)/atmel/studio/7.0/toolchain/avr8/avr8-gnu-toolchain/bin/../lib/gcc/avr/5.4.0/../../../../avr/lib/avr5\libc.a(atoi.o)
 .text          0x00000000        0x0 c:/program files (x86)/atmel/studio/7.0/toolchain/avr8/avr8-gnu-toolchain/bin/../lib/gcc/avr/5.4.0/../../../../avr/lib/avr5\libc.a(strncmp.o)
 .data          0x00000000        0x0 c:/program files (x86)/atmel/studio/7.0/toolchain/avr8/avr8-gnu-toolchain/bin/../lib/gcc/avr/5.4.0/../../../../avr/lib/avr5\libc.a(strncmp.o)
 .bss           0x00000000        0x0 c:/program files (x86)/atmel/studio/7.0/toolchain/avr8/avr8-gnu-toolchain/bin/../lib/gcc/avr/5.4.0/../../../../avr/lib/avr5\libc.a(strncmp.o)
 .text.avr-libc
                0x00000000       0x1c c:/program files (x86)/atmel/studio/7.0/toolchain/avr8/avr8-gnu-toolchain/bin/../lib/gcc/avr/5.4.0/../../../../avr/lib/avr5\libc.a(strncmp.o)
 .text          0x00000000        0x0 c:/program files (x86)/atmel/studio/7.0/toolchain/avr8/avr8-gnu-toolchain/bin/../lib/gcc/avr/5.4.0/../../../../avr/lib/avr5\libc.a(mul10.o)
 .data          0x00000000        0x0 c:/program files (x86)/atmel/studio/7.0/toolchain/avr8/avr8-gnu-toolchain/bin/../lib/gcc/avr/5.4.0/../../../../avr/lib/avr5\libc.a(mul10.o)
 .bss           0x00000000        0x0 c:/program files (x86)/atmel/studio/7.0/toolchain/avr8/avr8-gnu-toolchain/bin/../lib/gcc/avr/5.4.0/../../../../avr/lib/avr5\libc.a(mul10.o)
 .text.avr-libc
                0x00000000       0x10 c:/program files (x86)/atmel/studio/7.0/toolchain/avr8/avr8-gnu-toolchain/bin/../lib/gcc/avr/5.4.0/../../../../avr/lib/avr5\libc.a(mul10.o)
 .text          0x00000000        0x0 c:/program files (x86)/atmel/studio/7.0/toolchain/avr8/avr8-gnu-toolchain/bin/../lib/gcc/avr/5.4.0/../../../../avr/lib/avr5\libc.a(sprintf.o)
 .data          0x00000000        0x0 c:/program files (x86)/atmel/studio/7.0/toolchain/avr8/avr8-gnu-toolchain/bin/../lib/gcc/avr/5.4.0/../../../../avr/lib/avr5\libc.a(sprintf.o)
 .bss           0x00000000        0x0 c:/program files (x86)/atmel/studio/7.0/toolchain/avr8/avr8-gnu-toolchain/bin/../lib/gcc/avr/5.4.0/../../../../avr/lib/avr5\libc.a(sprintf.o)
 .text          0x00000000        0x0 c:/program files (x86)/atmel/studio/7.0/toolchain/avr8/avr8-gnu-toolchain/bin/../lib/gcc/avr/5.4.0/../../../../avr/lib/avr5\libc.a(vfprintf_std.o)
 .data          0x00000000        0x0 c:/program files (x86)/atmel/studio/7.0/toolchain/avr8/avr8-gnu-toolchain/bin/../lib/gcc/avr/5.4.0/../../../../avr/lib/avr5\libc.a(vfprintf_std.o)
 .bss           0x00000000        0x0 c:/program files (x86)/atmel/studio/7.0/toolchain/avr8/avr8-gnu-toolchain/bin/../lib/gcc/avr/5.4.0/../../../../avr/lib/avr5\libc.a(vfprintf_std.o)
 .text          0x00000000        0x0 c:/program files (x86)/atmel/studio/7.0/toolchain/avr8/avr8-gnu-toolchain/bin/../lib/gcc/avr/5.4.0/../../../../avr/lib/avr5\libc.a(strtod.o)
 .data          0x00000000        0x0 c:/program files (x86)/atmel/studio/7.0/toolchain/avr8/avr8-gnu-toolchain/bin/../lib/gcc/avr/5.4.0/../../../../avr/lib/avr5\libc.a(strtod.o)
 .bss           0x00000000        0x0 c:/program files (x86)/atmel/studio/7.0/toolchain/avr8/avr8-gnu-toolchain/bin/../lib/gcc/avr/5.4.0/../../../../avr/lib/avr5\libc.a(strtod.o)
 .text.avr-libc
                0x00000000      0x29c c:/program files (x86)/atmel/studio/7.0/toolchain/avr8/avr8-gnu-toolchain/bin/../lib/gcc/avr/5.4.0/../../../../avr/lib/avr5\libc.a(strtod.o)
 .progmem.data  0x00000000       0x3b c:/program files (x86)/atmel/studio/7.0/toolchain/avr8/avr8-gnu-toolchain/bin/../lib/gcc/avr/5.4.0/../../../../avr/lib/avr5\libc.a(strtod.o)
 .comment       0x00000000       0x31 c:/program files (x86)/atmel/studio/7.0/toolchain/avr8/avr8-gnu-toolchain/bin/../lib/gcc/avr/5.4.0/../../../../avr/lib/avr5\libc.a(strtod.o)
 .text          0x00000000        0x0 c:/program files (x86)/atmel/studio/7.0/toolchain/avr8/avr8-gnu-toolchain/bin/../lib/gcc/avr/5.4.0/../../../../avr/lib/avr5\libc.a(isspace.o)
 .data          0x00000000        0x0 c:/program files (x86)/atmel/studio/7.0/toolchain/avr8/avr8-gnu-toolchain/bin/../lib/gcc/avr/5.4.0/../../../../avr/lib/avr5\libc.a(isspace.o)
 .bss           0x00000000        0x0 c:/program files (x86)/atmel/studio/7.0/toolchain/avr8/avr8-gnu-toolchain/bin/../lib/gcc/avr/5.4.0/../../../../avr/lib/avr5\libc.a(isspace.o)
 .text.avr-libc
                0x00000000       0x12 c:/program files (x86)/atmel/studio/7.0/toolchain/avr8/avr8-gnu-toolchain/bin/../lib/gcc/avr/5.4.0/../../../../avr/lib/avr5\libc.a(isspace.o)
 .text          0x00000000        0x0 c:/program files (x86)/atmel/studio/7.0/toolchain/avr8/avr8-gnu-toolchain/bin/../lib/gcc/avr/5.4.0/../../../../avr/lib/avr5\libc.a(strncasecmp_P.o)
 .data          0x00000000        0x0 c:/program files (x86)/atmel/studio/7.0/toolchain/avr8/avr8-gnu-toolchain/bin/../lib/gcc/avr/5.4.0/../../../../avr/lib/avr5\libc.a(strncasecmp_P.o)
 .bss           0x00000000        0x0 c:/program files (x86)/atmel/studio/7.0/toolchain/avr8/avr8-gnu-toolchain/bin/../lib/gcc/avr/5.4.0/../../../../avr/lib/avr5\libc.a(strncasecmp_P.o)
 .text.avr-libc
                0x00000000       0x30 c:/program files (x86)/atmel/studio/7.0/toolchain/avr8/avr8-gnu-toolchain/bin/../lib/gcc/avr/5.4.0/../../../../avr/lib/avr5\libc.a(strncasecmp_P.o)
 .text          0x00000000        0x0 c:/program files (x86)/atmel/studio/7.0/toolchain/avr8/avr8-gnu-toolchain/bin/../lib/gcc/avr/5.4.0/../../../../avr/lib/avr5\libc.a(strnlen_P.o)
 .data          0x00000000        0x0 c:/program files (x86)/atmel/studio/7.0/toolchain/avr8/avr8-gnu-toolchain/bin/../lib/gcc/avr/5.4.0/../../../../avr/lib/avr5\libc.a(strnlen_P.o)
 .bss           0x00000000        0x0 c:/program files (x86)/atmel/studio/7.0/toolchain/avr8/avr8-gnu-toolchain/bin/../lib/gcc/avr/5.4.0/../../../../avr/lib/avr5\libc.a(strnlen_P.o)
 .text          0x00000000        0x0 c:/program files (x86)/atmel/studio/7.0/toolchain/avr8/avr8-gnu-toolchain/bin/../lib/gcc/avr/5.4.0/../../../../avr/lib/avr5\libc.a(strnlen.o)
 .data          0x00000000        0x0 c:/program files (x86)/atmel/studio/7.0/toolchain/avr8/avr8-gnu-toolchain/bin/../lib/gcc/avr/5.4.0/../../../../avr/lib/avr5\libc.a(strnlen.o)
 .bss           0x00000000        0x0 c:/program files (x86)/atmel/studio/7.0/toolchain/avr8/avr8-gnu-toolchain/bin/../lib/gcc/avr/5.4.0/../../../../avr/lib/avr5\libc.a(strnlen.o)
 .text          0x00000000        0x0 c:/program files (x86)/atmel/studio/7.0/toolchain/avr8/avr8-gnu-toolchain/bin/../lib/gcc/avr/5.4.0/../../../../avr/lib/avr5\libc.a(fputc.o)
 .data          0x00000000        0x0 c:/program files (x86)/atmel/studio/7.0/toolchain/avr8/avr8-gnu-toolchain/bin/../lib/gcc/avr/5.4.0/../../../../avr/lib/avr5\libc.a(fputc.o)
 .bss           0x00000000        0x0 c:/program files (x86)/atmel/studio/7.0/toolchain/avr8/avr8-gnu-toolchain/bin/../lib/gcc/avr/5.4.0/../../../../avr/lib/avr5\libc.a(fputc.o)
 .text          0x00000000        0x0 c:/program files (x86)/atmel/studio/7.0/toolchain/avr8/avr8-gnu-toolchain/bin/../lib/gcc/avr/5.4.0/../../../../avr/lib/avr5\libc.a(ultoa_invert.o)
 .data          0x00000000        0x0 c:/program files (x86)/atmel/studio/7.0/toolchain/avr8/avr8-gnu-toolchain/bin/../lib/gcc/avr/5.4.0/../../../../avr/lib/avr5\libc.a(ultoa_invert.o)
 .bss           0x00000000        0x0 c:/program files (x86)/atmel/studio/7.0/toolchain/avr8/avr8-gnu-toolchain/bin/../lib/gcc/avr/5.4.0/../../../../avr/lib/avr5\libc.a(ultoa_invert.o)
 .text          0x00000000        0x0 c:/program files (x86)/atmel/studio/7.0/toolchain/avr8/avr8-gnu-toolchain/bin/../lib/gcc/avr/5.4.0/../../../../avr/lib/avr5\libc.a(cmpsf2.o)
 .data          0x00000000        0x0 c:/program files (x86)/atmel/studio/7.0/toolchain/avr8/avr8-gnu-toolchain/bin/../lib/gcc/avr/5.4.0/../../../../avr/lib/avr5\libc.a(cmpsf2.o)
 .bss           0x00000000        0x0 c:/program files (x86)/atmel/studio/7.0/toolchain/avr8/avr8-gnu-toolchain/bin/../lib/gcc/avr/5.4.0/../../../../avr/lib/avr5\libc.a(cmpsf2.o)
 .text.avr-libc.fplib
                0x00000000        0xa c:/program files (x86)/atmel/studio/7.0/toolchain/avr8/avr8-gnu-toolchain/bin/../lib/gcc/avr/5.4.0/../../../../avr/lib/avr5\libc.a(cmpsf2.o)
 .text          0x00000000        0x0 c:/program files (x86)/atmel/studio/7.0/toolchain/avr8/avr8-gnu-toolchain/bin/../lib/gcc/avr/5.4.0/../../../../avr/lib/avr5\libc.a(fp_cmp.o)
 .data          0x00000000        0x0 c:/program files (x86)/atmel/studio/7.0/toolchain/avr8/avr8-gnu-toolchain/bin/../lib/gcc/avr/5.4.0/../../../../avr/lib/avr5\libc.a(fp_cmp.o)
 .bss           0x00000000        0x0 c:/program files (x86)/atmel/studio/7.0/toolchain/avr8/avr8-gnu-toolchain/bin/../lib/gcc/avr/5.4.0/../../../../avr/lib/avr5\libc.a(fp_cmp.o)
 .text.avr-libc.fplib
                0x00000000       0x48 c:/program files (x86)/atmel/studio/7.0/toolchain/avr8/avr8-gnu-toolchain/bin/../lib/gcc/avr/5.4.0/../../../../avr/lib/avr5\libc.a(fp_cmp.o)
 .text          0x00000000        0x0 c:/program files (x86)/atmel/studio/7.0/toolchain/avr8/avr8-gnu-toolchain/bin/../lib/gcc/avr/5.4.0/../../../../avr/lib/avr5\libc.a(errno.o)
 .data          0x00000000        0x0 c:/program files (x86)/atmel/studio/7.0/toolchain/avr8/avr8-gnu-toolchain/bin/../lib/gcc/avr/5.4.0/../../../../avr/lib/avr5\libc.a(errno.o)
 .bss           0x00000000        0x0 c:/program files (x86)/atmel/studio/7.0/toolchain/avr8/avr8-gnu-toolchain/bin/../lib/gcc/avr/5.4.0/../../../../avr/lib/avr5\libc.a(errno.o)
 .comment       0x00000000       0x2d c:/program files (x86)/atmel/studio/7.0/toolchain/avr8/avr8-gnu-toolchain/bin/../lib/gcc/avr/5.4.0/../../../../avr/lib/avr5\libc.a(errno.o)
 COMMON         0x00000000        0x2 c:/program files (x86)/atmel/studio/7.0/toolchain/avr8/avr8-gnu-toolchain/bin/../lib/gcc/avr/5.4.0/../../../../avr/lib/avr5\libc.a(errno.o)
 .text          0x00000000        0x0 c:/program files (x86)/atmel/studio/7.0/toolchain/avr8/avr8-gnu-toolchain/bin/../lib/gcc/avr/5.4.0/../../../../avr/lib/avr5\libc.a(cty_isfalse.o)
 .data          0x00000000        0x0 c:/program files (x86)/atmel/studio/7.0/toolchain/avr8/avr8-gnu-toolchain/bin/../lib/gcc/avr/5.4.0/../../../../avr/lib/avr5\libc.a(cty_isfalse.o)
 .bss           0x00000000        0x0 c:/program files (x86)/atmel/studio/7.0/toolchain/avr8/avr8-gnu-toolchain/bin/../lib/gcc/avr/5.4.0/../../../../avr/lib/avr5\libc.a(cty_isfalse.o)
 .text.avr-libc
                0x00000000        0x6 c:/program files (x86)/atmel/studio/7.0/toolchain/avr8/avr8-gnu-toolchain/bin/../lib/gcc/avr/5.4.0/../../../../avr/lib/avr5\libc.a(cty_isfalse.o)
 .text          0x00000000        0x0 c:/program files (x86)/atmel/studio/7.0/toolchain/avr8/avr8-gnu-toolchain/bin/../lib/gcc/avr/5.4.0/avr5\libgcc.a(_prologue.o)
 .data          0x00000000        0x0 c:/program files (x86)/atmel/studio/7.0/toolchain/avr8/avr8-gnu-toolchain/bin/../lib/gcc/avr/5.4.0/avr5\libgcc.a(_prologue.o)
 .bss           0x00000000        0x0 c:/program files (x86)/atmel/studio/7.0/toolchain/avr8/avr8-gnu-toolchain/bin/../lib/gcc/avr/5.4.0/avr5\libgcc.a(_prologue.o)
 .text.libgcc.mul
                0x00000000        0x0 c:/program files (x86)/atmel/studio/7.0/toolchain/avr8/avr8-gnu-toolchain/bin/../lib/gcc/avr/5.4.0/avr5\libgcc.a(_prologue.o)
 .text.libgcc.div
                0x00000000        0x0 c:/program files (x86)/atmel/studio/7.0/toolchain/avr8/avr8-gnu-toolchain/bin/../lib/gcc/avr/5.4.0/avr5\libgcc.a(_prologue.o)
 .text.libgcc   0x00000000        0x0 c:/program files (x86)/atmel/studio/7.0/toolchain/avr8/avr8-gnu-toolchain/bin/../lib/gcc/avr/5.4.0/avr5\libgcc.a(_prologue.o)
 .text.libgcc.builtins
                0x00000000        0x0 c:/program files (x86)/atmel/studio/7.0/toolchain/avr8/avr8-gnu-toolchain/bin/../lib/gcc/avr/5.4.0/avr5\libgcc.a(_prologue.o)
 .text.libgcc.fmul
                0x00000000        0x0 c:/program files (x86)/atmel/studio/7.0/toolchain/avr8/avr8-gnu-toolchain/bin/../lib/gcc/avr/5.4.0/avr5\libgcc.a(_prologue.o)
 .text.libgcc.fixed
                0x00000000        0x0 c:/program files (x86)/atmel/studio/7.0/toolchain/avr8/avr8-gnu-toolchain/bin/../lib/gcc/avr/5.4.0/avr5\libgcc.a(_prologue.o)
 .text          0x00000000        0x0 c:/program files (x86)/atmel/studio/7.0/toolchain/avr8/avr8-gnu-toolchain/bin/../lib/gcc/avr/5.4.0/avr5\libgcc.a(_epilogue.o)
 .data          0x00000000        0x0 c:/program files (x86)/atmel/studio/7.0/toolchain/avr8/avr8-gnu-toolchain/bin/../lib/gcc/avr/5.4.0/avr5\libgcc.a(_epilogue.o)
 .bss           0x00000000        0x0 c:/program files (x86)/atmel/studio/7.0/toolchain/avr8/avr8-gnu-toolchain/bin/../lib/gcc/avr/5.4.0/avr5\libgcc.a(_epilogue.o)
 .text.libgcc.mul
                0x00000000        0x0 c:/program files (x86)/atmel/studio/7.0/toolchain/avr8/avr8-gnu-toolchain/bin/../lib/gcc/avr/5.4.0/avr5\libgcc.a(_epilogue.o)
 .text.libgcc.div
                0x00000000        0x0 c:/program files (x86)/atmel/studio/7.0/toolchain/avr8/avr8-gnu-toolchain/bin/../lib/gcc/avr/5.4.0/avr5\libgcc.a(_epilogue.o)
 .text.libgcc   0x00000000        0x0 c:/program files (x86)/atmel/studio/7.0/toolchain/avr8/avr8-gnu-toolchain/bin/../lib/gcc/avr/5.4.0/avr5\libgcc.a(_epilogue.o)
 .text.libgcc.builtins
                0x00000000        0x0 c:/program files (x86)/atmel/studio/7.0/toolchain/avr8/avr8-gnu-toolchain/bin/../lib/gcc/avr/5.4.0/avr5\libgcc.a(_epilogue.o)
 .text.libgcc.fmul
                0x00000000        0x0 c:/program files (x86)/atmel/studio/7.0/toolchain/avr8/avr8-gnu-toolchain/bin/../lib/gcc/avr/5.4.0/avr5\libgcc.a(_epilogue.o)
 .text.libgcc.fixed
                0x00000000        0x0 c:/program files (x86)/atmel/studio/7.0/toolchain/avr8/avr8-gnu-toolchain/bin/../lib/gcc/avr/5.4.0/avr5\libgcc.a(_epilogue.o)

Memory Configuration

Name             Origin             Length             Attributes
text             0x00000000         0x00008000         xr
data             0x00800060         0x00000800         rw !x
eeprom           0x00810000         0x00000400         rw !x
fuse             0x00820000         0x00000002         rw !x
lock             0x00830000         0x00000400         rw !x
signature        0x00840000         0x00000400         rw !x
user_signatures  0x00850000         0x00000400         rw !x
*default*        0x00000000         0xffffffff

Linker script and memory map

LOAD C:/Program Files (x86)/Atmel/Studio/7.0/Packs/atmel/ATmega_DFP/1.7.374/gcc/dev/atmega32/avr5/crtatmega32.o
LOAD App_Drowsiness.o
LOAD HAL/Accel_sensor/Accel_Sensor.o
LOAD HAL/Buzzer/Buzzer_program.o
LOAD HAL/DC_MOTOR/DC_MOTOR_program.o
LOAD HAL/GPS/GPS_program.o
LOAD HAL/heart_rate/heart_rate.o
LOAD HAL/LED/LED_program.o
LOAD HAL/TCRT/TCRT.o
LOAD main.o
LOAD MCAL/ADC/ADC.o
LOAD MCAL/DIO/DIO.o
LOAD MCAL/Interrupt/EXTI_PROGRAME.o
LOAD MCAL/Interrupt/GIE_PROGRAME.o
LOAD MCAL/Timer0/Timer0.o
LOAD MCAL/Timer1/TIMER1_program.o
LOAD MCAL/Timer2/Timer2.o
LOAD MCAL/UART/UART_APP.o
START GROUP
LOAD c:/program files (x86)/atmel/studio/7.0/toolchain/avr8/avr8-gnu-toolchain/bin/../lib/gcc/avr/5.4.0/../../../../avr/lib/avr5\libm.a
END GROUP
START GROUP
LOAD c:/program files (x86)/atmel/studio/7.0/toolchain/avr8/avr8-gnu-toolchain/bin/../lib/gcc/avr/5.4.0/avr5\libgcc.a
LOAD c:/program files (x86)/atmel/studio/7.0/toolchain/avr8/avr8-gnu-toolchain/bin/../lib/gcc/avr/5.4.0/../../../../avr/lib/avr5\libm.a
LOAD c:/program files (x86)/atmel/studio/7.0/toolchain/avr8/avr8-gnu-toolchain/bin/../lib/gcc/avr/5.4.0/../../../../avr/lib/avr5\libc.a
LOAD C:/Program Files (x86)/Atmel/Studio/7.0/Packs/atmel/ATmega_DFP/1.7.374/gcc/dev/atmega32/avr5\libatmega32.a
END GROUP
                0x00000000                __TEXT_REGION_ORIGIN__ = DEFINED (__TEXT_REGION_ORIGIN__)?__TEXT_REGION_ORIGIN__:0x0
                [0x00800060]                __DATA_REGION_ORIGIN__ = DEFINED (__DATA_REGION_ORIGIN__)?__DATA_REGION_ORIGIN__:0x800060
                [0x00008000]                __TEXT_REGION_LENGTH__ = DEFINED (__TEXT_REGION_LENGTH__)?__TEXT_REGION_LENGTH__:0x20000
                [0x00000800]                __DATA_REGION_LENGTH__ = DEFINED (__DATA_REGION_LENGTH__)?__DATA_REGION_LENGTH__:0xffa0
                [0x00000400]                __EEPROM_REGION_LENGTH__ = DEFINED (__EEPROM_REGION_LENGTH__)?__EEPROM_REGION_LENGTH__:0x10000
                [0x00000002]                __FUSE_REGION_LENGTH__ = DEFINED (__FUSE_REGION_LENGTH__)?__FUSE_REGION_LENGTH__:0x400
                0x00000400                __LOCK_REGION_LENGTH__ = DEFINED (__LOCK_REGION_LENGTH__)?__LOCK_REGION_LENGTH__:0x400
                0x00000400                __SIGNATURE_REGION_LENGTH__ = DEFINED (__SIGNATURE_REGION_LENGTH__)?__SIGNATURE_REGION_LENGTH__:0x400
                0x00000400                __USER_SIGNATURE_REGION_LENGTH__ = DEFINED (__USER_SIGNATURE_REGION_LENGTH__)?__USER_SIGNATURE_REGION_LENGTH__:0x400

.hash
 *(.hash)

.dynsym
 *(.dynsym)

.dynstr
 *(.dynstr)

.gnu.version
 *(.gnu.version)

.gnu.version_d
 *(.gnu.version_d)

.gnu.version_r
 *(.gnu.version_r)

.rel.init
 *(.rel.init)

.rela.init
 *(.rela.init)

.rel.text
 *(.rel.text)
 *(.rel.text.*)
 *(.rel.gnu.linkonce.t*)

.rela.text
 *(.rela.text)
 *(.rela.text.*)
 *(.rela.gnu.linkonce.t*)

.rel.fini
 *(.rel.fini)

.rela.fini
 *(.rela.fini)

.rel.rodata
 *(.rel.rodata)
 *(.rel.rodata.*)
 *(.rel.gnu.linkonce.r*)

.rela.rodata
 *(.rela.rodata)
 *(.rela.rodata.*)
 *(.rela.gnu.linkonce.r*)

.rel.data
 *(.rel.data)
 *(.rel.data.*)
 *(.rel.gnu.linkonce.d*)

.rela.data
 *(.rela.data)
 *(.rela.data.*)
 *(.rela.gnu.linkonce.d*)

.rel.ctors
 *(.rel.ctors)

.rela.ctors
 *(.rela.ctors)

.rel.dtors
 *(.rel.dtors)

.rela.dtors
 *(.rela.dtors)

.rel.got
 *(.rel.got)

.rela.got
 *(.rela.got)

.rel.bss
 *(.rel.bss)

.rela.bss
 *(.rela.bss)

.rel.plt
 *(.rel.plt)

.rela.plt
 *(.rela.plt)

.text           0x00000000     0x158a
 *(.vectors)
 .vectors       0x00000000       0x54 C:/Program Files (x86)/Atmel/Studio/7.0/Packs/atmel/ATmega_DFP/1.7.374/gcc/dev/atmega32/avr5/crtatmega32.o
                0x00000000                __vector_default
                0x00000000                __vectors
 *(.vectors)
 *(.progmem.gcc*)
                0x00000054                . = ALIGN (0x2)
                0x00000054                __trampolines_start = .
 *(.trampolines)
 .trampolines   0x00000054        0x0 linker stubs
 *(.trampolines*)
                0x00000054                __trampolines_end = .
 *libprintf_flt.a:*(.progmem.data)
 *libc.a:*(.progmem.data)
 *(.progmem*)
                0x00000054                . = ALIGN (0x2)
 *(.jumptables)
 *(.jumptables*)
 *(.lowtext)
 *(.lowtext*)
                0x00000054                __ctors_start = .
 *(.ctors)
                0x00000054                __ctors_end = .
                0x00000054                __dtors_start = .
 *(.dtors)
                0x00000054                __dtors_end = .
 SORT(*)(.ctors)
 SORT(*)(.dtors)
 *(.init0)
 .init0         0x00000054        0x0 C:/Program Files (x86)/Atmel/Studio/7.0/Packs/atmel/ATmega_DFP/1.7.374/gcc/dev/atmega32/avr5/crtatmega32.o
                0x00000054                __init
 *(.init0)
 *(.init1)
 *(.init1)
 *(.init2)
 .init2         0x00000054        0xc C:/Program Files (x86)/Atmel/Studio/7.0/Packs/atmel/ATmega_DFP/1.7.374/gcc/dev/atmega32/avr5/crtatmega32.o
 *(.init2)
 *(.init3)
 *(.init3)
 *(.init4)
 .init4         0x00000060       0x16 c:/program files (x86)/atmel/studio/7.0/toolchain/avr8/avr8-gnu-toolchain/bin/../lib/gcc/avr/5.4.0/avr5\libgcc.a(_copy_data.o)
                0x00000060                __do_copy_data
 .init4         0x00000076       0x10 c:/program files (x86)/atmel/studio/7.0/toolchain/avr8/avr8-gnu-toolchain/bin/../lib/gcc/avr/5.4.0/avr5\libgcc.a(_clear_bss.o)
                0x00000076                __do_clear_bss
 *(.init4)
 *(.init5)
 *(.init5)
 *(.init6)
 *(.init6)
 *(.init7)
 *(.init7)
 *(.init8)
 *(.init8)
 *(.init9)
 .init9         0x00000086        0x8 C:/Program Files (x86)/Atmel/Studio/7.0/Packs/atmel/ATmega_DFP/1.7.374/gcc/dev/atmega32/avr5/crtatmega32.o
 *(.init9)
 *(.text)
 .text          0x0000008e        0x4 C:/Program Files (x86)/Atmel/Studio/7.0/Packs/atmel/ATmega_DFP/1.7.374/gcc/dev/atmega32/avr5/crtatmega32.o
                0x0000008e                __vector_1
                0x0000008e                __bad_interrupt
                0x0000008e                __vector_3
                0x0000008e                __vector_17
                0x0000008e                __vector_19
                0x0000008e                __vector_2
                0x0000008e                __vector_15
                0x0000008e                __vector_10
                0x0000008e                __vector_18
                0x0000008e                __vector_20
                0x00000092                . = ALIGN (0x2)
 *(.text.*)
 .text.UART_SendString
                0x00000092       0x1c App_Drowsiness.o
 .text.Send_GPS_Alert
                0x000000ae       0x80 App_Drowsiness.o
 .text.Drowsiness_App_Init
                0x0000012e       0x3a App_Drowsiness.o
                0x0000012e                Drowsiness_App_Init
 .text.Drowsiness_App_Update
                0x00000168      0x15c App_Drowsiness.o
                0x00000168                Drowsiness_App_Update
 .text.DIO_PIN_INIT
                0x000002c4       0x34 App_Drowsiness.o
                0x000002c4                DIO_PIN_INIT
 .text.ACCEL_Init
                0x000002f8       0x24 HAL/Accel_sensor/Accel_Sensor.o
                0x000002f8                ACCEL_Init
 .text.ACCEL_ReadX
                0x0000031c        0xa HAL/Accel_sensor/Accel_Sensor.o
                0x0000031c                ACCEL_ReadX
 .text.ACCEL_ReadY
                0x00000326        0xa HAL/Accel_sensor/Accel_Sensor.o
                0x00000326                ACCEL_ReadY
 .text.ACCEL_ReadZ
                0x00000330        0xa HAL/Accel_sensor/Accel_Sensor.o
                0x00000330                ACCEL_ReadZ
 .text.BUZZER_voidInit
                0x0000033a       0x38 HAL/Buzzer/Buzzer_program.o
                0x0000033a                BUZZER_voidInit
 .text.BUZZER_voidOn
                0x00000372       0x1e HAL/Buzzer/Buzzer_program.o
                0x00000372                BUZZER_voidOn
 .text.BUZZER_voidOff
                0x00000390       0x1e HAL/Buzzer/Buzzer_program.o
                0x00000390                BUZZER_voidOff
 .text.DC_MOTOR_voidStop
                0x000003ae       0x30 HAL/DC_MOTOR/DC_MOTOR_program.o
                0x000003ae                DC_MOTOR_voidStop
 .text.DC_MOTOR_voidInit
                0x000003de       0x34 HAL/DC_MOTOR/DC_MOTOR_program.o
                0x000003de                DC_MOTOR_voidInit
 .text.DC_MOTOR_voidSetSpeed
                0x00000412       0x24 HAL/DC_MOTOR/DC_MOTOR_program.o
                0x00000412                DC_MOTOR_voidSetSpeed
 .text.GPS_voidInit
                0x00000436        0x8 HAL/GPS/GPS_program.o
                0x00000436                GPS_voidInit
 .text.GPS_f32GetLatitude
                0x0000043e       0x12 HAL/GPS/GPS_program.o
                0x0000043e                GPS_f32GetLatitude
 .text.GPS_f32GetLongitude
                0x00000450       0x12 HAL/GPS/GPS_program.o
                0x00000450                GPS_f32GetLongitude
 .text.LED_uint8State
                0x00000462       0x60 HAL/LED/LED_program.o
                0x00000462                LED_uint8State
 .text.TCRT_init
                0x000004c2       0x3e HAL/TCRT/TCRT.o
                0x000004c2                TCRT_init
 .text.TCRT_read_digital_value
                0x00000500       0x20 HAL/TCRT/TCRT.o
                0x00000500                TCRT_read_digital_value
 .text.main     0x00000520        0xe main.o
                0x00000520                main
 .text.ADC_init
                0x0000052e       0x92 MCAL/ADC/ADC.o
                0x0000052e                ADC_init
 .text.ADC_enable
                0x000005c0        0xa MCAL/ADC/ADC.o
                0x000005c0                ADC_enable
 .text.ADC_start_conversion_blocking
                0x000005ca       0x38 MCAL/ADC/ADC.o
                0x000005ca                ADC_start_conversion_blocking
 .text.__vector_16
                0x00000602       0x52 MCAL/ADC/ADC.o
                0x00000602                __vector_16
 .text.DIO_set_pin_direction
                0x00000654      0x106 MCAL/DIO/DIO.o
                0x00000654                DIO_set_pin_direction
 .text.DIO_set_pin_logic
                0x0000075a      0x106 MCAL/DIO/DIO.o
                0x0000075a                DIO_set_pin_logic
 .text.DIO_read_pin_logic
                0x00000860       0x8e MCAL/DIO/DIO.o
                0x00000860                DIO_read_pin_logic
 .text.GIE_ENABLE
                0x000008ee        0x8 MCAL/Interrupt/GIE_PROGRAME.o
                0x000008ee                GIE_ENABLE
 .text.TIMER0_confiG_file_init
                0x000008f6       0x34 MCAL/Timer0/Timer0.o
                0x000008f6                TIMER0_confiG_file_init
 .text.TIMER0_set_duty_cycle
                0x0000092a       0x2e MCAL/Timer0/Timer0.o
                0x0000092a                TIMER0_set_duty_cycle
 .text.__vector_11
                0x00000958       0x58 MCAL/Timer0/Timer0.o
                0x00000958                __vector_11
 .text.__vector_12
                0x000009b0       0x58 MCAL/Timer0/Timer0.o
                0x000009b0                __vector_12
 .text.__vector_7
                0x00000a08       0x58 MCAL/Timer1/TIMER1_program.o
                0x00000a08                __vector_7
 .text.__vector_8
                0x00000a60       0x58 MCAL/Timer1/TIMER1_program.o
                0x00000a60                __vector_8
 .text.__vector_9
                0x00000ab8       0x58 MCAL/Timer1/TIMER1_program.o
                0x00000ab8                __vector_9
 .text.__vector_6
                0x00000b10       0x58 MCAL/Timer1/TIMER1_program.o
                0x00000b10                __vector_6
 .text.__vector_4
                0x00000b68       0x58 MCAL/Timer2/Timer2.o
                0x00000b68                __vector_4
 .text.__vector_5
                0x00000bc0       0x58 MCAL/Timer2/Timer2.o
                0x00000bc0                __vector_5
 .text.UART_INTI
                0x00000c18       0x10 MCAL/UART/UART_APP.o
                0x00000c18                UART_INTI
 .text.UART_Send_Data_PolingMethod
                0x00000c28        0x8 MCAL/UART/UART_APP.o
                0x00000c28                UART_Send_Data_PolingMethod
 .text.__vector_14
                0x00000c30       0x1e MCAL/UART/UART_APP.o
                0x00000c30                __vector_14
 .text.__vector_13
                0x00000c4e       0x2c MCAL/UART/UART_APP.o
                0x00000c4e                __vector_13
 .text.avr-libc.fplib
                0x00000c7a        0x8 c:/program files (x86)/atmel/studio/7.0/toolchain/avr8/avr8-gnu-toolchain/bin/../lib/gcc/avr/5.4.0/../../../../avr/lib/avr5\libm.a(divsf3.o)
                0x00000c7a                __divsf3
 .text.avr-libc.fplib
                0x00000c82       0xdc c:/program files (x86)/atmel/studio/7.0/toolchain/avr8/avr8-gnu-toolchain/bin/../lib/gcc/avr/5.4.0/../../../../avr/lib/avr5\libm.a(divsf3x.o)
                0x00000ca2                __divsf3x
                0x00000ca8                __divsf3_pse
 .text.avr-libc.fplib
                0x00000d5e       0x5e c:/program files (x86)/atmel/studio/7.0/toolchain/avr8/avr8-gnu-toolchain/bin/../lib/gcc/avr/5.4.0/../../../../avr/lib/avr5\libm.a(fixunssfsi.o)
                0x00000d5e                __fixunssfsi
 .text.avr-libc.fplib
                0x00000dbc       0x7a c:/program files (x86)/atmel/studio/7.0/toolchain/avr8/avr8-gnu-toolchain/bin/../lib/gcc/avr/5.4.0/../../../../avr/lib/avr5\libm.a(floatsisf.o)
                0x00000dbc                __floatunsisf
                0x00000dc0                __floatsisf
 .text.avr-libc.fplib
                0x00000e36        0xc c:/program files (x86)/atmel/studio/7.0/toolchain/avr8/avr8-gnu-toolchain/bin/../lib/gcc/avr/5.4.0/../../../../avr/lib/avr5\libm.a(fp_inf.o)
                0x00000e36                __fp_inf
 .text.avr-libc.fplib
                0x00000e42        0x6 c:/program files (x86)/atmel/studio/7.0/toolchain/avr8/avr8-gnu-toolchain/bin/../lib/gcc/avr/5.4.0/../../../../avr/lib/avr5\libm.a(fp_nan.o)
                0x00000e42                __fp_nan
 .text.avr-libc.fplib
                0x00000e48        0xe c:/program files (x86)/atmel/studio/7.0/toolchain/avr8/avr8-gnu-toolchain/bin/../lib/gcc/avr/5.4.0/../../../../avr/lib/avr5\libm.a(fp_pscA.o)
                0x00000e48                __fp_pscA
 .text.avr-libc.fplib
                0x00000e56        0xe c:/program files (x86)/atmel/studio/7.0/toolchain/avr8/avr8-gnu-toolchain/bin/../lib/gcc/avr/5.4.0/../../../../avr/lib/avr5\libm.a(fp_pscB.o)
                0x00000e56                __fp_pscB
 .text.avr-libc.fplib
                0x00000e64       0x22 c:/program files (x86)/atmel/studio/7.0/toolchain/avr8/avr8-gnu-toolchain/bin/../lib/gcc/avr/5.4.0/../../../../avr/lib/avr5\libm.a(fp_round.o)
                0x00000e64                __fp_round
 .text.avr-libc.fplib
                0x00000e86       0x44 c:/program files (x86)/atmel/studio/7.0/toolchain/avr8/avr8-gnu-toolchain/bin/../lib/gcc/avr/5.4.0/../../../../avr/lib/avr5\libm.a(fp_split3.o)
                0x00000e86                __fp_split3
                0x00000e96                __fp_splitA
 .text.avr-libc.fplib
                0x00000eca        0xe c:/program files (x86)/atmel/studio/7.0/toolchain/avr8/avr8-gnu-toolchain/bin/../lib/gcc/avr/5.4.0/../../../../avr/lib/avr5\libm.a(fp_zero.o)
                0x00000eca                __fp_zero
                0x00000ecc                __fp_szero
 .text.avr-libc.fplib
                0x00000ed8        0x8 c:/program files (x86)/atmel/studio/7.0/toolchain/avr8/avr8-gnu-toolchain/bin/../lib/gcc/avr/5.4.0/../../../../avr/lib/avr5\libm.a(mulsf3.o)
                0x00000ed8                __mulsf3
 .text.avr-libc.fplib
                0x00000ee0       0xd2 c:/program files (x86)/atmel/studio/7.0/toolchain/avr8/avr8-gnu-toolchain/bin/../lib/gcc/avr/5.4.0/../../../../avr/lib/avr5\libm.a(mulsf3x.o)
                0x00000efe                __mulsf3x
                0x00000f04                __mulsf3_pse
 .text.avr-libc
                0x00000fb2       0x44 c:/program files (x86)/atmel/studio/7.0/toolchain/avr8/avr8-gnu-toolchain/bin/../lib/gcc/avr/5.4.0/../../../../avr/lib/avr5\libc.a(sprintf.o)
                0x00000fb2                sprintf
 .text.avr-libc
                0x00000ff6      0x3c2 c:/program files (x86)/atmel/studio/7.0/toolchain/avr8/avr8-gnu-toolchain/bin/../lib/gcc/avr/5.4.0/../../../../avr/lib/avr5\libc.a(vfprintf_std.o)
                0x00000ff6                vfprintf
 .text.avr-libc
                0x000013b8       0x16 c:/program files (x86)/atmel/studio/7.0/toolchain/avr8/avr8-gnu-toolchain/bin/../lib/gcc/avr/5.4.0/../../../../avr/lib/avr5\libc.a(strnlen_P.o)
                0x000013b8                strnlen_P
 .text.avr-libc
                0x000013ce       0x16 c:/program files (x86)/atmel/studio/7.0/toolchain/avr8/avr8-gnu-toolchain/bin/../lib/gcc/avr/5.4.0/../../../../avr/lib/avr5\libc.a(strnlen.o)
                0x000013ce                strnlen
 .text.avr-libc
                0x000013e4       0x78 c:/program files (x86)/atmel/studio/7.0/toolchain/avr8/avr8-gnu-toolchain/bin/../lib/gcc/avr/5.4.0/../../../../avr/lib/avr5\libc.a(fputc.o)
                0x000013e4                fputc
 .text.avr-libc
                0x0000145c       0xbc c:/program files (x86)/atmel/studio/7.0/toolchain/avr8/avr8-gnu-toolchain/bin/../lib/gcc/avr/5.4.0/../../../../avr/lib/avr5\libc.a(ultoa_invert.o)
                0x0000145c                __ultoa_invert
 .text.libgcc.prologue
                0x00001518       0x38 c:/program files (x86)/atmel/studio/7.0/toolchain/avr8/avr8-gnu-toolchain/bin/../lib/gcc/avr/5.4.0/avr5\libgcc.a(_prologue.o)
                0x00001518                __prologue_saves__
 .text.libgcc.prologue
                0x00001550       0x36 c:/program files (x86)/atmel/studio/7.0/toolchain/avr8/avr8-gnu-toolchain/bin/../lib/gcc/avr/5.4.0/avr5\libgcc.a(_epilogue.o)
                0x00001550                __epilogue_restores__
                0x00001586                . = ALIGN (0x2)
 *(.fini9)
 .fini9         0x00001586        0x0 c:/program files (x86)/atmel/studio/7.0/toolchain/avr8/avr8-gnu-toolchain/bin/../lib/gcc/avr/5.4.0/avr5\libgcc.a(_exit.o)
                0x00001586                _exit
                0x00001586                exit
 *(.fini9)
 *(.fini8)
 *(.fini8)
 *(.fini7)
 *(.fini7)
 *(.fini6)
 *(.fini6)
 *(.fini5)
 *(.fini5)
 *(.fini4)
 *(.fini4)
 *(.fini3)
 *(.fini3)
 *(.fini2)
 *(.fini2)
 *(.fini1)
 *(.fini1)
 *(.fini0)
 .fini0         0x00001586        0x4 c:/program files (x86)/atmel/studio/7.0/toolchain/avr8/avr8-gnu-toolchain/bin/../lib/gcc/avr/5.4.0/avr5\libgcc.a(_exit.o)
 *(.fini0)
                0x0000158a                _etext = .

.data           0x00800060       0x50 load address 0x0000158a
                0x00800060                PROVIDE (__data_start, .)
 *(.data)
 *(.data*)
 .data.speed_flag
                0x00800060        0x1 App_Drowsiness.o
 .data.receiving_ptr
                0x00800061        0x2 MCAL/UART/UART_APP.o
                0x00800061                receiving_ptr
 *(.gnu.linkonce.d*)
 *(.rodata)
 .rodata        0x00800063        0x1 HAL/Accel_sensor/Accel_Sensor.o
 *(.rodata*)
 .rodata.str1.1
                0x00800064       0x3b App_Drowsiness.o
 .rodata.vehicleMotor
                0x0080009f        0x6 App_Drowsiness.o
 .rodata.alertLED
                0x008000a5        0x3 App_Drowsiness.o
 .rodata.alertBuzzer
                0x008000a8        0x3 App_Drowsiness.o
 .rodata.irSensor
                0x008000ab        0x4 App_Drowsiness.o
 *(.gnu.linkonce.r*)
                0x008000b0                . = ALIGN (0x2)
 *fill*         0x008000af        0x1 
                0x008000b0                _edata = .
                0x008000b0                PROVIDE (__data_end, .)

.bss            0x008000b0       0xa5
                0x008000b0                PROVIDE (__bss_start, .)
 *(.bss)
 *(.bss*)
 .bss.eyeClosedTimeMs.2132
                0x008000b0        0x4 App_Drowsiness.o
 .bss.ADC_ISR_PTR
                0x008000b4        0x2 MCAL/ADC/ADC.o
 .bss.TIMER0_compare_ISR_ptr
                0x008000b6        0x2 MCAL/Timer0/Timer0.o
 .bss.TIMER0_overflow_ISR_ptr
                0x008000b8        0x2 MCAL/Timer0/Timer0.o
 .bss.Timer1_ICU_Callback
                0x008000ba        0x2 MCAL/Timer1/TIMER1_program.o
 .bss.Timer1_OCB_Callback
                0x008000bc        0x2 MCAL/Timer1/TIMER1_program.o
 .bss.Timer1_OCA_Callback
                0x008000be        0x2 MCAL/Timer1/TIMER1_program.o
 .bss.Timer1_OVF_Callback
                0x008000c0        0x2 MCAL/Timer1/TIMER1_program.o
 .bss.TIMER2_compare_ISR_ptr
                0x008000c2        0x2 MCAL/Timer2/Timer2.o
 .bss.TIMER2_overflow_ISR_ptr
                0x008000c4        0x2 MCAL/Timer2/Timer2.o
 *(COMMON)
 COMMON         0x008000c6       0x8d HAL/GPS/GPS_program.o
                0x008000c6                GPS_Buffer
                0x0080013e                GPS_Data
 COMMON         0x00800153        0x2 MCAL/UART/UART_APP.o
                0x00800153                sending_data
                0x00800154                received_data
                0x00800155                PROVIDE (__bss_end, .)
                0x0000158a                __data_load_start = LOADADDR (.data)
                0x000015da                __data_load_end = (__data_load_start + SIZEOF (.data))

.noinit         0x00800155        0x0
                [!provide]                PROVIDE (__noinit_start, .)
 *(.noinit*)
                [!provide]                PROVIDE (__noinit_end, .)
                0x00800155                _end = .
                [!provide]                PROVIDE (__heap_start, .)

.eeprom         0x00810000        0x0
 *(.eeprom*)
                0x00810000                __eeprom_end = .

.fuse
 *(.fuse)
 *(.lfuse)
 *(.hfuse)
 *(.efuse)

.lock
 *(.lock*)

.signature
 *(.signature*)

.user_signatures
 *(.user_signatures*)

.stab
 *(.stab)

.stabstr
 *(.stabstr)

.stab.excl
 *(.stab.excl)

.stab.exclstr
 *(.stab.exclstr)

.stab.index
 *(.stab.index)

.stab.indexstr
 *(.stab.indexstr)

.comment        0x00000000       0x5c
 *(.comment)
 .comment       0x00000000       0x30 App_Drowsiness.o
                                 0x31 (size before relaxing)
 .comment       0x00000030       0x31 HAL/Accel_sensor/Accel_Sensor.o
 .comment       0x00000030       0x31 HAL/Buzzer/Buzzer_program.o
 .comment       0x00000030       0x31 HAL/DC_MOTOR/DC_MOTOR_program.o
 .comment       0x00000030       0x31 HAL/GPS/GPS_program.o
 .comment       0x00000030       0x31 HAL/LED/LED_program.o
 .comment       0x00000030       0x31 HAL/TCRT/TCRT.o
 .comment       0x00000030       0x31 main.o
 .comment       0x00000030       0x31 MCAL/ADC/ADC.o
 .comment       0x00000030       0x31 MCAL/DIO/DIO.o
 .comment       0x00000030       0x31 MCAL/Interrupt/GIE_PROGRAME.o
 .comment       0x00000030       0x31 MCAL/Timer0/Timer0.o
 .comment       0x00000030       0x31 MCAL/Timer1/TIMER1_program.o
 .comment       0x00000030       0x31 MCAL/Timer2/Timer2.o
 .comment       0x00000030       0x31 MCAL/UART/UART_APP.o
 .comment       0x00000030       0x31 c:/program files (x86)/atmel/studio/7.0/toolchain/avr8/avr8-gnu-toolchain/bin/../lib/gcc/avr/5.4.0/../../../../avr/lib/avr5\libc.a(sprintf.o)
 .comment       0x00000030       0x2c c:/program files (x86)/atmel/studio/7.0/toolchain/avr8/avr8-gnu-toolchain/bin/../lib/gcc/avr/5.4.0/../../../../avr/lib/avr5\libc.a(vfprintf_std.o)
                                 0x2d (size before relaxing)
 .comment       0x0000005c       0x31 c:/program files (x86)/atmel/studio/7.0/toolchain/avr8/avr8-gnu-toolchain/bin/../lib/gcc/avr/5.4.0/../../../../avr/lib/avr5\libc.a(fputc.o)

.note.gnu.avr.deviceinfo
                0x00000000       0x3c
 .note.gnu.avr.deviceinfo
                0x00000000       0x3c C:/Program Files (x86)/Atmel/Studio/7.0/Packs/atmel/ATmega_DFP/1.7.374/gcc/dev/atmega32/avr5/crtatmega32.o

.note.gnu.build-id
 *(.note.gnu.build-id)

.debug
 *(.debug)

.line
 *(.line)

.debug_srcinfo
 *(.debug_srcinfo)

.debug_sfnames
 *(.debug_sfnames)

.debug_aranges  0x00000000      0x4c8
 *(.debug_aranges)
 .debug_aranges
                0x00000000       0x40 App_Drowsiness.o
 .debug_aranges
                0x00000040       0x38 HAL/Accel_sensor/Accel_Sensor.o
 .debug_aranges
                0x00000078       0x38 HAL/Buzzer/Buzzer_program.o
 .debug_aranges
                0x000000b0       0x40 HAL/DC_MOTOR/DC_MOTOR_program.o
 .debug_aranges
                0x000000f0       0x58 HAL/GPS/GPS_program.o
 .debug_aranges
                0x00000148       0x28 HAL/LED/LED_program.o
 .debug_aranges
                0x00000170       0x50 HAL/TCRT/TCRT.o
 .debug_aranges
                0x000001c0       0x20 main.o
 .debug_aranges
                0x000001e0       0x60 MCAL/ADC/ADC.o
 .debug_aranges
                0x00000240       0x58 MCAL/DIO/DIO.o
 .debug_aranges
                0x00000298       0x28 MCAL/Interrupt/GIE_PROGRAME.o
 .debug_aranges
                0x000002c0       0x60 MCAL/Timer0/Timer0.o
 .debug_aranges
                0x00000320       0xd8 MCAL/Timer1/TIMER1_program.o
 .debug_aranges
                0x000003f8       0x60 MCAL/Timer2/Timer2.o
 .debug_aranges
                0x00000458       0x70 MCAL/UART/UART_APP.o

.debug_pubnames
 *(.debug_pubnames)

.debug_info     0x00000000     0x3b39
 *(.debug_info .gnu.linkonce.wi.*)
 .debug_info    0x00000000      0x4e6 C:/Program Files (x86)/Atmel/Studio/7.0/Packs/atmel/ATmega_DFP/1.7.374/gcc/dev/atmega32/avr5/crtatmega32.o
 .debug_info    0x000004e6      0x857 App_Drowsiness.o
 .debug_info    0x00000d3d      0x21d HAL/Accel_sensor/Accel_Sensor.o
 .debug_info    0x00000f5a      0x27a HAL/Buzzer/Buzzer_program.o
 .debug_info    0x000011d4      0x324 HAL/DC_MOTOR/DC_MOTOR_program.o
 .debug_info    0x000014f8      0x533 HAL/GPS/GPS_program.o
 .debug_info    0x00001a2b      0x31b HAL/LED/LED_program.o
 .debug_info    0x00001d46      0x4ce HAL/TCRT/TCRT.o
 .debug_info    0x00002214       0xfd main.o
 .debug_info    0x00002311      0x41d MCAL/ADC/ADC.o
 .debug_info    0x0000272e      0x2d9 MCAL/DIO/DIO.o
 .debug_info    0x00002a07       0x97 MCAL/Interrupt/GIE_PROGRAME.o
 .debug_info    0x00002a9e      0x493 MCAL/Timer0/Timer0.o
 .debug_info    0x00002f31      0x4b1 MCAL/Timer1/TIMER1_program.o
 .debug_info    0x000033e2      0x493 MCAL/Timer2/Timer2.o
 .debug_info    0x00003875      0x2c4 MCAL/UART/UART_APP.o

.debug_abbrev   0x00000000     0x159e
 *(.debug_abbrev)
 .debug_abbrev  0x00000000      0x4a3 C:/Program Files (x86)/Atmel/Studio/7.0/Packs/atmel/ATmega_DFP/1.7.374/gcc/dev/atmega32/avr5/crtatmega32.o
 .debug_abbrev  0x000004a3      0x1f6 App_Drowsiness.o
 .debug_abbrev  0x00000699       0xee HAL/Accel_sensor/Accel_Sensor.o
 .debug_abbrev  0x00000787       0xe1 HAL/Buzzer/Buzzer_program.o
 .debug_abbrev  0x00000868       0xde HAL/DC_MOTOR/DC_MOTOR_program.o
 .debug_abbrev  0x00000946      0x18c HAL/GPS/GPS_program.o
 .debug_abbrev  0x00000ad2      0x161 HAL/LED/LED_program.o
 .debug_abbrev  0x00000c33      0x156 HAL/TCRT/TCRT.o
 .debug_abbrev  0x00000d89       0x86 main.o
 .debug_abbrev  0x00000e0f      0x15b MCAL/ADC/ADC.o
 .debug_abbrev  0x00000f6a       0xc1 MCAL/DIO/DIO.o
 .debug_abbrev  0x0000102b       0x44 MCAL/Interrupt/GIE_PROGRAME.o
 .debug_abbrev  0x0000106f      0x152 MCAL/Timer0/Timer0.o
 .debug_abbrev  0x000011c1      0x124 MCAL/Timer1/TIMER1_program.o
 .debug_abbrev  0x000012e5      0x152 MCAL/Timer2/Timer2.o
 .debug_abbrev  0x00001437      0x167 MCAL/UART/UART_APP.o

.debug_line     0x00000000     0x251f
 *(.debug_line .debug_line.* .debug_line_end)
 .debug_line    0x00000000      0x116 C:/Program Files (x86)/Atmel/Studio/7.0/Packs/atmel/ATmega_DFP/1.7.374/gcc/dev/atmega32/avr5/crtatmega32.o
 .debug_line    0x00000116      0x426 App_Drowsiness.o
 .debug_line    0x0000053c      0x119 HAL/Accel_sensor/Accel_Sensor.o
 .debug_line    0x00000655      0x155 HAL/Buzzer/Buzzer_program.o
 .debug_line    0x000007aa      0x1d3 HAL/DC_MOTOR/DC_MOTOR_program.o
 .debug_line    0x0000097d      0x335 HAL/GPS/GPS_program.o
 .debug_line    0x00000cb2      0x260 HAL/LED/LED_program.o
 .debug_line    0x00000f12      0x272 HAL/TCRT/TCRT.o
 .debug_line    0x00001184       0x7f main.o
 .debug_line    0x00001203      0x2ea MCAL/ADC/ADC.o
 .debug_line    0x000014ed      0x4d8 MCAL/DIO/DIO.o
 .debug_line    0x000019c5       0x91 MCAL/Interrupt/GIE_PROGRAME.o
 .debug_line    0x00001a56      0x204 MCAL/Timer0/Timer0.o
 .debug_line    0x00001c5a      0x44c MCAL/Timer1/TIMER1_program.o
 .debug_line    0x000020a6      0x232 MCAL/Timer2/Timer2.o
 .debug_line    0x000022d8      0x247 MCAL/UART/UART_APP.o

.debug_frame    0x00000000      0xc44
 *(.debug_frame)
 .debug_frame   0x00000000       0xac App_Drowsiness.o
 .debug_frame   0x000000ac       0x64 HAL/Accel_sensor/Accel_Sensor.o
 .debug_frame   0x00000110       0x84 HAL/Buzzer/Buzzer_program.o
 .debug_frame   0x00000194       0x94 HAL/DC_MOTOR/DC_MOTOR_program.o
 .debug_frame   0x00000228       0xd8 HAL/GPS/GPS_program.o
 .debug_frame   0x00000300       0x40 HAL/LED/LED_program.o
 .debug_frame   0x00000340       0xcc HAL/TCRT/TCRT.o
 .debug_frame   0x0000040c       0x24 main.o
 .debug_frame   0x00000430       0xec MCAL/ADC/ADC.o
 .debug_frame   0x0000051c       0x94 MCAL/DIO/DIO.o
 .debug_frame   0x000005b0       0x34 MCAL/Interrupt/GIE_PROGRAME.o
 .debug_frame   0x000005e4      0x134 MCAL/Timer0/Timer0.o
 .debug_frame   0x00000718      0x2d0 MCAL/Timer1/TIMER1_program.o
 .debug_frame   0x000009e8      0x134 MCAL/Timer2/Timer2.o
 .debug_frame   0x00000b1c      0x128 MCAL/UART/UART_APP.o

.debug_str      0x00000000     0x1396
 *(.debug_str)
 .debug_str     0x00000000      0x196 C:/Program Files (x86)/Atmel/Studio/7.0/Packs/atmel/ATmega_DFP/1.7.374/gcc/dev/atmega32/avr5/crtatmega32.o
 .debug_str     0x00000196      0x487 App_Drowsiness.o
                                0x4c5 (size before relaxing)
 .debug_str     0x0000061d       0x82 HAL/Accel_sensor/Accel_Sensor.o
                                0x231 (size before relaxing)
 .debug_str     0x0000069f       0x66 HAL/Buzzer/Buzzer_program.o
                                0x207 (size before relaxing)
 .debug_str     0x00000705       0xa4 HAL/DC_MOTOR/DC_MOTOR_program.o
                                0x273 (size before relaxing)
 .debug_str     0x000007a9      0x120 HAL/GPS/GPS_program.o
                                0x2d1 (size before relaxing)
 .debug_str     0x000008c9       0x5f HAL/LED/LED_program.o
                                0x24e (size before relaxing)
 .debug_str     0x00000928      0x144 HAL/TCRT/TCRT.o
                                0x39c (size before relaxing)
 .debug_str     0x00000a6c       0x19 main.o
                                0x1c5 (size before relaxing)
 .debug_str     0x00000a85       0xfe MCAL/ADC/ADC.o
                                0x334 (size before relaxing)
 .debug_str     0x00000b83       0xcf MCAL/DIO/DIO.o
                                0x279 (size before relaxing)
 .debug_str     0x00000c52       0x2d MCAL/Interrupt/GIE_PROGRAME.o
                                0x17b (size before relaxing)
 .debug_str     0x00000c7f      0x1cd MCAL/Timer0/Timer0.o
                                0x388 (size before relaxing)
 .debug_str     0x00000e4c      0x2de MCAL/Timer1/TIMER1_program.o
                                0x447 (size before relaxing)
 .debug_str     0x0000112a      0x142 MCAL/Timer2/Timer2.o
                                0x386 (size before relaxing)
 .debug_str     0x0000126c      0x12a MCAL/UART/UART_APP.o
                                0x2c5 (size before relaxing)

.debug_loc      0x00000000     0x2e7d
 *(.debug_loc)
 .debug_loc     0x00000000      0x2bf App_Drowsiness.o
 .debug_loc     0x000002bf       0xea HAL/Accel_sensor/Accel_Sensor.o
 .debug_loc     0x000003a9      0x1fb HAL/Buzzer/Buzzer_program.o
 .debug_loc     0x000005a4      0x222 HAL/DC_MOTOR/DC_MOTOR_program.o
 .debug_loc     0x000007c6      0x35c HAL/GPS/GPS_program.o
 .debug_loc     0x00000b22      0x35a HAL/LED/LED_program.o
 .debug_loc     0x00000e7c      0x66d HAL/TCRT/TCRT.o
 .debug_loc     0x000014e9      0x370 MCAL/ADC/ADC.o
 .debug_loc     0x00001859      0x72c MCAL/DIO/DIO.o
 .debug_loc     0x00001f85      0x2c8 MCAL/Timer0/Timer0.o
 .debug_loc     0x0000224d      0x6a9 MCAL/Timer1/TIMER1_program.o
 .debug_loc     0x000028f6      0x2c8 MCAL/Timer2/Timer2.o
 .debug_loc     0x00002bbe      0x2bf MCAL/UART/UART_APP.o

.debug_macinfo
 *(.debug_macinfo)

.debug_weaknames
 *(.debug_weaknames)

.debug_funcnames
 *(.debug_funcnames)

.debug_typenames
 *(.debug_typenames)

.debug_varnames
 *(.debug_varnames)

.debug_pubtypes
 *(.debug_pubtypes)

.debug_ranges   0x00000000      0x420
 *(.debug_ranges)
 .debug_ranges  0x00000000       0x48 App_Drowsiness.o
 .debug_ranges  0x00000048       0x28 HAL/Accel_sensor/Accel_Sensor.o
 .debug_ranges  0x00000070       0x28 HAL/Buzzer/Buzzer_program.o
 .debug_ranges  0x00000098       0x30 HAL/DC_MOTOR/DC_MOTOR_program.o
 .debug_ranges  0x000000c8       0x78 HAL/GPS/GPS_program.o
 .debug_ranges  0x00000140       0x18 HAL/LED/LED_program.o
 .debug_ranges  0x00000158       0x40 HAL/TCRT/TCRT.o
 .debug_ranges  0x00000198       0x10 main.o
 .debug_ranges  0x000001a8       0x50 MCAL/ADC/ADC.o
 .debug_ranges  0x000001f8       0x48 MCAL/DIO/DIO.o
 .debug_ranges  0x00000240       0x18 MCAL/Interrupt/GIE_PROGRAME.o
 .debug_ranges  0x00000258       0x50 MCAL/Timer0/Timer0.o
 .debug_ranges  0x000002a8       0xc8 MCAL/Timer1/TIMER1_program.o
 .debug_ranges  0x00000370       0x50 MCAL/Timer2/Timer2.o
 .debug_ranges  0x000003c0       0x60 MCAL/UART/UART_APP.o

.debug_macro
 *(.debug_macro)
OUTPUT(App_Drowsiness.elf elf32-avr)
LOAD linker stubs
